Archive member included to satisfy reference by file (symbol)

/home/danchouzhou/gcc-arm-none-eabi-10.3-2021.07/bin/../lib/gcc/arm-none-eabi/10.3.1/../../../../arm-none-eabi/lib/thumb/v7e-m/nofp/libc_nano.a(lib_a-errno.o)
                              _syscalls.o (symbol from plugin) (__errno)
/home/danchouzhou/gcc-arm-none-eabi-10.3-2021.07/bin/../lib/gcc/arm-none-eabi/10.3.1/../../../../arm-none-eabi/lib/thumb/v7e-m/nofp/libc_nano.a(lib_a-exit.o)
                              /home/danchouzhou/gcc-arm-none-eabi-10.3-2021.07/bin/../lib/gcc/arm-none-eabi/10.3.1/../../../../arm-none-eabi/lib/thumb/v7e-m/nofp/crt0.o (exit)
/home/danchouzhou/gcc-arm-none-eabi-10.3-2021.07/bin/../lib/gcc/arm-none-eabi/10.3.1/../../../../arm-none-eabi/lib/thumb/v7e-m/nofp/libc_nano.a(lib_a-impure.o)
                              /home/danchouzhou/gcc-arm-none-eabi-10.3-2021.07/bin/../lib/gcc/arm-none-eabi/10.3.1/../../../../arm-none-eabi/lib/thumb/v7e-m/nofp/libc_nano.a(lib_a-exit.o) (_global_impure_ptr)
/home/danchouzhou/gcc-arm-none-eabi-10.3-2021.07/bin/../lib/gcc/arm-none-eabi/10.3.1/../../../../arm-none-eabi/lib/thumb/v7e-m/nofp/libc_nano.a(lib_a-init.o)
                              /home/danchouzhou/gcc-arm-none-eabi-10.3-2021.07/bin/../lib/gcc/arm-none-eabi/10.3.1/../../../../arm-none-eabi/lib/thumb/v7e-m/nofp/crt0.o (__libc_init_array)
/home/danchouzhou/gcc-arm-none-eabi-10.3-2021.07/bin/../lib/gcc/arm-none-eabi/10.3.1/../../../../arm-none-eabi/lib/thumb/v7e-m/nofp/libc_nano.a(lib_a-memset.o)
                              /home/danchouzhou/gcc-arm-none-eabi-10.3-2021.07/bin/../lib/gcc/arm-none-eabi/10.3.1/../../../../arm-none-eabi/lib/thumb/v7e-m/nofp/crt0.o (memset)
/home/danchouzhou/gcc-arm-none-eabi-10.3-2021.07/bin/../lib/gcc/arm-none-eabi/10.3.1/../../../../arm-none-eabi/lib/thumb/v7e-m/nofp/libnosys.a(_exit.o)
                              /home/danchouzhou/gcc-arm-none-eabi-10.3-2021.07/bin/../lib/gcc/arm-none-eabi/10.3.1/../../../../arm-none-eabi/lib/thumb/v7e-m/nofp/libc_nano.a(lib_a-exit.o) (_exit)

Discarded input sections

 .text          0x0000000000000000        0x0 /home/danchouzhou/gcc-arm-none-eabi-10.3-2021.07/bin/../lib/gcc/arm-none-eabi/10.3.1/thumb/v7e-m/nofp/crti.o
 .data          0x0000000000000000        0x0 /home/danchouzhou/gcc-arm-none-eabi-10.3-2021.07/bin/../lib/gcc/arm-none-eabi/10.3.1/thumb/v7e-m/nofp/crti.o
 .bss           0x0000000000000000        0x0 /home/danchouzhou/gcc-arm-none-eabi-10.3-2021.07/bin/../lib/gcc/arm-none-eabi/10.3.1/thumb/v7e-m/nofp/crti.o
 .data          0x0000000000000000        0x4 /home/danchouzhou/gcc-arm-none-eabi-10.3-2021.07/bin/../lib/gcc/arm-none-eabi/10.3.1/thumb/v7e-m/nofp/crtbegin.o
 .rodata        0x0000000000000000       0x24 /home/danchouzhou/gcc-arm-none-eabi-10.3-2021.07/bin/../lib/gcc/arm-none-eabi/10.3.1/thumb/v7e-m/nofp/crtbegin.o
 .text          0x0000000000000000       0x7c /home/danchouzhou/gcc-arm-none-eabi-10.3-2021.07/bin/../lib/gcc/arm-none-eabi/10.3.1/../../../../arm-none-eabi/lib/thumb/v7e-m/nofp/crt0.o
 .data          0x0000000000000000        0x0 /home/danchouzhou/gcc-arm-none-eabi-10.3-2021.07/bin/../lib/gcc/arm-none-eabi/10.3.1/../../../../arm-none-eabi/lib/thumb/v7e-m/nofp/crt0.o
 .bss           0x0000000000000000        0x0 /home/danchouzhou/gcc-arm-none-eabi-10.3-2021.07/bin/../lib/gcc/arm-none-eabi/10.3.1/../../../../arm-none-eabi/lib/thumb/v7e-m/nofp/crt0.o
 .ARM.extab     0x0000000000000000        0x0 /home/danchouzhou/gcc-arm-none-eabi-10.3-2021.07/bin/../lib/gcc/arm-none-eabi/10.3.1/../../../../arm-none-eabi/lib/thumb/v7e-m/nofp/crt0.o
 .ARM.exidx     0x0000000000000000       0x10 /home/danchouzhou/gcc-arm-none-eabi-10.3-2021.07/bin/../lib/gcc/arm-none-eabi/10.3.1/../../../../arm-none-eabi/lib/thumb/v7e-m/nofp/crt0.o
 .ARM.attributes
                0x0000000000000000       0x1c /home/danchouzhou/gcc-arm-none-eabi-10.3-2021.07/bin/../lib/gcc/arm-none-eabi/10.3.1/../../../../arm-none-eabi/lib/thumb/v7e-m/nofp/crt0.o
 .text          0x0000000000000000        0x0 /tmp/ISP_HID.axf.gx5VDB.ltrans0.ltrans.o
 .data          0x0000000000000000        0x0 /tmp/ISP_HID.axf.gx5VDB.ltrans0.ltrans.o
 .bss           0x0000000000000000        0x0 /tmp/ISP_HID.axf.gx5VDB.ltrans0.ltrans.o
 .bss.g_u8EP2Ready
                0x0000000000000000        0x1 /tmp/ISP_HID.axf.gx5VDB.ltrans0.ltrans.o
 .bss.g_usbd_UsbAltInterface
                0x0000000000000000        0x4 /tmp/ISP_HID.axf.gx5VDB.ltrans0.ltrans.o
 .data          0x0000000000000000        0x0 /tmp/cch1X9K7.o
 .bss           0x0000000000000000        0x0 /tmp/cch1X9K7.o
 .text          0x0000000000000000        0x0 /home/danchouzhou/gcc-arm-none-eabi-10.3-2021.07/bin/../lib/gcc/arm-none-eabi/10.3.1/../../../../arm-none-eabi/lib/thumb/v7e-m/nofp/libc_nano.a(lib_a-errno.o)
 .data          0x0000000000000000        0x0 /home/danchouzhou/gcc-arm-none-eabi-10.3-2021.07/bin/../lib/gcc/arm-none-eabi/10.3.1/../../../../arm-none-eabi/lib/thumb/v7e-m/nofp/libc_nano.a(lib_a-errno.o)
 .bss           0x0000000000000000        0x0 /home/danchouzhou/gcc-arm-none-eabi-10.3-2021.07/bin/../lib/gcc/arm-none-eabi/10.3.1/../../../../arm-none-eabi/lib/thumb/v7e-m/nofp/libc_nano.a(lib_a-errno.o)
 .text.__errno  0x0000000000000000        0xc /home/danchouzhou/gcc-arm-none-eabi-10.3-2021.07/bin/../lib/gcc/arm-none-eabi/10.3.1/../../../../arm-none-eabi/lib/thumb/v7e-m/nofp/libc_nano.a(lib_a-errno.o)
 .debug_frame   0x0000000000000000       0x20 /home/danchouzhou/gcc-arm-none-eabi-10.3-2021.07/bin/../lib/gcc/arm-none-eabi/10.3.1/../../../../arm-none-eabi/lib/thumb/v7e-m/nofp/libc_nano.a(lib_a-errno.o)
 .ARM.attributes
                0x0000000000000000       0x2e /home/danchouzhou/gcc-arm-none-eabi-10.3-2021.07/bin/../lib/gcc/arm-none-eabi/10.3.1/../../../../arm-none-eabi/lib/thumb/v7e-m/nofp/libc_nano.a(lib_a-errno.o)
 .text          0x0000000000000000        0x0 /home/danchouzhou/gcc-arm-none-eabi-10.3-2021.07/bin/../lib/gcc/arm-none-eabi/10.3.1/../../../../arm-none-eabi/lib/thumb/v7e-m/nofp/libc_nano.a(lib_a-exit.o)
 .data          0x0000000000000000        0x0 /home/danchouzhou/gcc-arm-none-eabi-10.3-2021.07/bin/../lib/gcc/arm-none-eabi/10.3.1/../../../../arm-none-eabi/lib/thumb/v7e-m/nofp/libc_nano.a(lib_a-exit.o)
 .bss           0x0000000000000000        0x0 /home/danchouzhou/gcc-arm-none-eabi-10.3-2021.07/bin/../lib/gcc/arm-none-eabi/10.3.1/../../../../arm-none-eabi/lib/thumb/v7e-m/nofp/libc_nano.a(lib_a-exit.o)
 .text.exit     0x0000000000000000       0x28 /home/danchouzhou/gcc-arm-none-eabi-10.3-2021.07/bin/../lib/gcc/arm-none-eabi/10.3.1/../../../../arm-none-eabi/lib/thumb/v7e-m/nofp/libc_nano.a(lib_a-exit.o)
 .debug_frame   0x0000000000000000       0x28 /home/danchouzhou/gcc-arm-none-eabi-10.3-2021.07/bin/../lib/gcc/arm-none-eabi/10.3.1/../../../../arm-none-eabi/lib/thumb/v7e-m/nofp/libc_nano.a(lib_a-exit.o)
 .ARM.attributes
                0x0000000000000000       0x2e /home/danchouzhou/gcc-arm-none-eabi-10.3-2021.07/bin/../lib/gcc/arm-none-eabi/10.3.1/../../../../arm-none-eabi/lib/thumb/v7e-m/nofp/libc_nano.a(lib_a-exit.o)
 .text          0x0000000000000000        0x0 /home/danchouzhou/gcc-arm-none-eabi-10.3-2021.07/bin/../lib/gcc/arm-none-eabi/10.3.1/../../../../arm-none-eabi/lib/thumb/v7e-m/nofp/libc_nano.a(lib_a-impure.o)
 .data          0x0000000000000000        0x0 /home/danchouzhou/gcc-arm-none-eabi-10.3-2021.07/bin/../lib/gcc/arm-none-eabi/10.3.1/../../../../arm-none-eabi/lib/thumb/v7e-m/nofp/libc_nano.a(lib_a-impure.o)
 .bss           0x0000000000000000        0x0 /home/danchouzhou/gcc-arm-none-eabi-10.3-2021.07/bin/../lib/gcc/arm-none-eabi/10.3.1/../../../../arm-none-eabi/lib/thumb/v7e-m/nofp/libc_nano.a(lib_a-impure.o)
 .data._impure_ptr
                0x0000000000000000        0x4 /home/danchouzhou/gcc-arm-none-eabi-10.3-2021.07/bin/../lib/gcc/arm-none-eabi/10.3.1/../../../../arm-none-eabi/lib/thumb/v7e-m/nofp/libc_nano.a(lib_a-impure.o)
 .data.impure_data
                0x0000000000000000       0x60 /home/danchouzhou/gcc-arm-none-eabi-10.3-2021.07/bin/../lib/gcc/arm-none-eabi/10.3.1/../../../../arm-none-eabi/lib/thumb/v7e-m/nofp/libc_nano.a(lib_a-impure.o)
 .rodata._global_impure_ptr
                0x0000000000000000        0x4 /home/danchouzhou/gcc-arm-none-eabi-10.3-2021.07/bin/../lib/gcc/arm-none-eabi/10.3.1/../../../../arm-none-eabi/lib/thumb/v7e-m/nofp/libc_nano.a(lib_a-impure.o)
 .ARM.attributes
                0x0000000000000000       0x2e /home/danchouzhou/gcc-arm-none-eabi-10.3-2021.07/bin/../lib/gcc/arm-none-eabi/10.3.1/../../../../arm-none-eabi/lib/thumb/v7e-m/nofp/libc_nano.a(lib_a-impure.o)
 .text          0x0000000000000000        0x0 /home/danchouzhou/gcc-arm-none-eabi-10.3-2021.07/bin/../lib/gcc/arm-none-eabi/10.3.1/../../../../arm-none-eabi/lib/thumb/v7e-m/nofp/libc_nano.a(lib_a-init.o)
 .data          0x0000000000000000        0x0 /home/danchouzhou/gcc-arm-none-eabi-10.3-2021.07/bin/../lib/gcc/arm-none-eabi/10.3.1/../../../../arm-none-eabi/lib/thumb/v7e-m/nofp/libc_nano.a(lib_a-init.o)
 .bss           0x0000000000000000        0x0 /home/danchouzhou/gcc-arm-none-eabi-10.3-2021.07/bin/../lib/gcc/arm-none-eabi/10.3.1/../../../../arm-none-eabi/lib/thumb/v7e-m/nofp/libc_nano.a(lib_a-init.o)
 .text.__libc_init_array
                0x0000000000000000       0x48 /home/danchouzhou/gcc-arm-none-eabi-10.3-2021.07/bin/../lib/gcc/arm-none-eabi/10.3.1/../../../../arm-none-eabi/lib/thumb/v7e-m/nofp/libc_nano.a(lib_a-init.o)
 .debug_frame   0x0000000000000000       0x2c /home/danchouzhou/gcc-arm-none-eabi-10.3-2021.07/bin/../lib/gcc/arm-none-eabi/10.3.1/../../../../arm-none-eabi/lib/thumb/v7e-m/nofp/libc_nano.a(lib_a-init.o)
 .ARM.attributes
                0x0000000000000000       0x2e /home/danchouzhou/gcc-arm-none-eabi-10.3-2021.07/bin/../lib/gcc/arm-none-eabi/10.3.1/../../../../arm-none-eabi/lib/thumb/v7e-m/nofp/libc_nano.a(lib_a-init.o)
 .text          0x0000000000000000        0x0 /home/danchouzhou/gcc-arm-none-eabi-10.3-2021.07/bin/../lib/gcc/arm-none-eabi/10.3.1/../../../../arm-none-eabi/lib/thumb/v7e-m/nofp/libc_nano.a(lib_a-memset.o)
 .data          0x0000000000000000        0x0 /home/danchouzhou/gcc-arm-none-eabi-10.3-2021.07/bin/../lib/gcc/arm-none-eabi/10.3.1/../../../../arm-none-eabi/lib/thumb/v7e-m/nofp/libc_nano.a(lib_a-memset.o)
 .bss           0x0000000000000000        0x0 /home/danchouzhou/gcc-arm-none-eabi-10.3-2021.07/bin/../lib/gcc/arm-none-eabi/10.3.1/../../../../arm-none-eabi/lib/thumb/v7e-m/nofp/libc_nano.a(lib_a-memset.o)
 .text          0x0000000000000000        0x0 /home/danchouzhou/gcc-arm-none-eabi-10.3-2021.07/bin/../lib/gcc/arm-none-eabi/10.3.1/../../../../arm-none-eabi/lib/thumb/v7e-m/nofp/libnosys.a(_exit.o)
 .data          0x0000000000000000        0x0 /home/danchouzhou/gcc-arm-none-eabi-10.3-2021.07/bin/../lib/gcc/arm-none-eabi/10.3.1/../../../../arm-none-eabi/lib/thumb/v7e-m/nofp/libnosys.a(_exit.o)
 .bss           0x0000000000000000        0x0 /home/danchouzhou/gcc-arm-none-eabi-10.3-2021.07/bin/../lib/gcc/arm-none-eabi/10.3.1/../../../../arm-none-eabi/lib/thumb/v7e-m/nofp/libnosys.a(_exit.o)
 .text._exit    0x0000000000000000        0x4 /home/danchouzhou/gcc-arm-none-eabi-10.3-2021.07/bin/../lib/gcc/arm-none-eabi/10.3.1/../../../../arm-none-eabi/lib/thumb/v7e-m/nofp/libnosys.a(_exit.o)
 .debug_frame   0x0000000000000000       0x20 /home/danchouzhou/gcc-arm-none-eabi-10.3-2021.07/bin/../lib/gcc/arm-none-eabi/10.3.1/../../../../arm-none-eabi/lib/thumb/v7e-m/nofp/libnosys.a(_exit.o)
 .ARM.attributes
                0x0000000000000000       0x2e /home/danchouzhou/gcc-arm-none-eabi-10.3-2021.07/bin/../lib/gcc/arm-none-eabi/10.3.1/../../../../arm-none-eabi/lib/thumb/v7e-m/nofp/libnosys.a(_exit.o)
 .text          0x0000000000000000        0x0 /home/danchouzhou/gcc-arm-none-eabi-10.3-2021.07/bin/../lib/gcc/arm-none-eabi/10.3.1/thumb/v7e-m/nofp/crtend.o
 .data          0x0000000000000000        0x0 /home/danchouzhou/gcc-arm-none-eabi-10.3-2021.07/bin/../lib/gcc/arm-none-eabi/10.3.1/thumb/v7e-m/nofp/crtend.o
 .bss           0x0000000000000000        0x0 /home/danchouzhou/gcc-arm-none-eabi-10.3-2021.07/bin/../lib/gcc/arm-none-eabi/10.3.1/thumb/v7e-m/nofp/crtend.o
 .rodata        0x0000000000000000       0x24 /home/danchouzhou/gcc-arm-none-eabi-10.3-2021.07/bin/../lib/gcc/arm-none-eabi/10.3.1/thumb/v7e-m/nofp/crtend.o
 .text          0x0000000000000000        0x0 /home/danchouzhou/gcc-arm-none-eabi-10.3-2021.07/bin/../lib/gcc/arm-none-eabi/10.3.1/thumb/v7e-m/nofp/crtn.o
 .data          0x0000000000000000        0x0 /home/danchouzhou/gcc-arm-none-eabi-10.3-2021.07/bin/../lib/gcc/arm-none-eabi/10.3.1/thumb/v7e-m/nofp/crtn.o
 .bss           0x0000000000000000        0x0 /home/danchouzhou/gcc-arm-none-eabi-10.3-2021.07/bin/../lib/gcc/arm-none-eabi/10.3.1/thumb/v7e-m/nofp/crtn.o

Memory Configuration

Name             Origin             Length             Attributes
FLASH            0x0000000000000000 0x0000000000080000 xr
RAM              0x0000000020000000 0x0000000000020000 xrw
*default*        0x0000000000000000 0xffffffffffffffff

Linker script and memory map

LOAD /home/danchouzhou/gcc-arm-none-eabi-10.3-2021.07/bin/../lib/gcc/arm-none-eabi/10.3.1/thumb/v7e-m/nofp/crti.o
LOAD /home/danchouzhou/gcc-arm-none-eabi-10.3-2021.07/bin/../lib/gcc/arm-none-eabi/10.3.1/thumb/v7e-m/nofp/crtbegin.o
LOAD /home/danchouzhou/gcc-arm-none-eabi-10.3-2021.07/bin/../lib/gcc/arm-none-eabi/10.3.1/../../../../arm-none-eabi/lib/thumb/v7e-m/nofp/crt0.o
LOAD _syscalls.o
LOAD /tmp/ISP_HID.axf.gx5VDB.ltrans0.ltrans.o
LOAD descriptors.o
LOAD fmc_user.o
LOAD hid_transfer.o
LOAD isp_user.o
LOAD main.o
LOAD system_M480.o
LOAD targetdev.o
LOAD usbd_user.o
LOAD /tmp/cch1X9K7.o
START GROUP
LOAD /home/danchouzhou/gcc-arm-none-eabi-10.3-2021.07/bin/../lib/gcc/arm-none-eabi/10.3.1/thumb/v7e-m/nofp/libgcc.a
LOAD /home/danchouzhou/gcc-arm-none-eabi-10.3-2021.07/bin/../lib/gcc/arm-none-eabi/10.3.1/../../../../arm-none-eabi/lib/thumb/v7e-m/nofp/libc_nano.a
END GROUP
START GROUP
LOAD /home/danchouzhou/gcc-arm-none-eabi-10.3-2021.07/bin/../lib/gcc/arm-none-eabi/10.3.1/thumb/v7e-m/nofp/libgcc.a
LOAD /home/danchouzhou/gcc-arm-none-eabi-10.3-2021.07/bin/../lib/gcc/arm-none-eabi/10.3.1/../../../../arm-none-eabi/lib/thumb/v7e-m/nofp/libc_nano.a
LOAD /home/danchouzhou/gcc-arm-none-eabi-10.3-2021.07/bin/../lib/gcc/arm-none-eabi/10.3.1/../../../../arm-none-eabi/lib/thumb/v7e-m/nofp/libnosys.a
END GROUP
START GROUP
LOAD /home/danchouzhou/gcc-arm-none-eabi-10.3-2021.07/bin/../lib/gcc/arm-none-eabi/10.3.1/thumb/v7e-m/nofp/libgcc.a
LOAD /home/danchouzhou/gcc-arm-none-eabi-10.3-2021.07/bin/../lib/gcc/arm-none-eabi/10.3.1/../../../../arm-none-eabi/lib/thumb/v7e-m/nofp/libc_nano.a
LOAD /home/danchouzhou/gcc-arm-none-eabi-10.3-2021.07/bin/../lib/gcc/arm-none-eabi/10.3.1/../../../../arm-none-eabi/lib/thumb/v7e-m/nofp/libnosys.a
END GROUP
LOAD /home/danchouzhou/gcc-arm-none-eabi-10.3-2021.07/bin/../lib/gcc/arm-none-eabi/10.3.1/thumb/v7e-m/nofp/crtend.o
LOAD /home/danchouzhou/gcc-arm-none-eabi-10.3-2021.07/bin/../lib/gcc/arm-none-eabi/10.3.1/thumb/v7e-m/nofp/crtn.o
START GROUP
LOAD /home/danchouzhou/gcc-arm-none-eabi-10.3-2021.07/bin/../lib/gcc/arm-none-eabi/10.3.1/thumb/v7e-m/nofp/libgcc.a
LOAD /home/danchouzhou/gcc-arm-none-eabi-10.3-2021.07/bin/../lib/gcc/arm-none-eabi/10.3.1/../../../../arm-none-eabi/lib/thumb/v7e-m/nofp/libc.a
LOAD /home/danchouzhou/gcc-arm-none-eabi-10.3-2021.07/bin/../lib/gcc/arm-none-eabi/10.3.1/../../../../arm-none-eabi/lib/thumb/v7e-m/nofp/libm.a
LOAD /home/danchouzhou/gcc-arm-none-eabi-10.3-2021.07/bin/../lib/gcc/arm-none-eabi/10.3.1/../../../../arm-none-eabi/lib/thumb/v7e-m/nofp/libnosys.a
END GROUP

.text           0x0000000000000000      0xe48
 *(.vectors)
 .vectors       0x0000000000000000       0x40 /tmp/cch1X9K7.o
                0x0000000000000000                __Vectors
                0x0000000000000040                __Vectors_End = .
                0x0000000000000040                __Vectors_Size = (__Vectors_End - __Vectors)
                0x00000000200011d8                __end__ = .
 *(.text*)
 .text          0x0000000000000040       0x40 /home/danchouzhou/gcc-arm-none-eabi-10.3-2021.07/bin/../lib/gcc/arm-none-eabi/10.3.1/thumb/v7e-m/nofp/crtbegin.o
 .text.FMC_Proc
                0x0000000000000080       0x50 /tmp/ISP_HID.axf.gx5VDB.ltrans0.ltrans.o
 .text.UpdateConfig
                0x00000000000000d0       0x4c /tmp/ISP_HID.axf.gx5VDB.ltrans0.ltrans.o
 .text.USBD_MemCopy.lto_priv.0
                0x000000000000011c       0x1c /tmp/ISP_HID.axf.gx5VDB.ltrans0.ltrans.o
 .text.USBD_SetStall.lto_priv.0
                0x0000000000000138       0x2c /tmp/ISP_HID.axf.gx5VDB.ltrans0.ltrans.o
 .text.HID_ClassRequest
                0x0000000000000164       0x68 /tmp/ISP_HID.axf.gx5VDB.ltrans0.ltrans.o
 .text.USBD_PrepareCtrlIn
                0x00000000000001cc       0x80 /tmp/ISP_HID.axf.gx5VDB.ltrans0.ltrans.o
 .text.GetDataFlashInfo.constprop.0
                0x000000000000024c       0x68 /tmp/ISP_HID.axf.gx5VDB.ltrans0.ltrans.o
 .text.EraseAP.isra.0
                0x00000000000002b4       0x6c /tmp/ISP_HID.axf.gx5VDB.ltrans0.ltrans.o
 .text.startup.main
                0x0000000000000320      0x9f4 /tmp/ISP_HID.axf.gx5VDB.ltrans0.ltrans.o
                0x0000000000000320                main
 .text.SystemInit
                0x0000000000000d14       0x64 /tmp/ISP_HID.axf.gx5VDB.ltrans0.ltrans.o
                0x0000000000000d14                SystemInit
 .text          0x0000000000000d78       0x88 /tmp/cch1X9K7.o
                0x0000000000000d78                Reset_Handler
                0x0000000000000dfc                EPWM0P2_IRQHandler
                0x0000000000000dfc                BRAKE0_IRQHandler
                0x0000000000000dfc                SC2_IRQHandler
                0x0000000000000dfc                DebugMon_Handler
                0x0000000000000dfc                EPWM1P2_IRQHandler
                0x0000000000000dfc                ACMP01_IRQHandler
                0x0000000000000dfc                I2C0_IRQHandler
                0x0000000000000dfc                HardFault_Handler
                0x0000000000000dfc                EMAC_RX_IRQHandler
                0x0000000000000dfc                SC0_IRQHandler
                0x0000000000000dfc                USCI0_IRQHandler
                0x0000000000000dfc                SysTick_Handler
                0x0000000000000dfc                EADC13_IRQHandler
                0x0000000000000dfc                PendSV_Handler
                0x0000000000000dfc                NMI_Handler
                0x0000000000000dfc                I2C1_IRQHandler
                0x0000000000000dfc                EINT2_IRQHandler
                0x0000000000000dfc                UART1_IRQHandler
                0x0000000000000dfc                CAN1_IRQHandler
                0x0000000000000dfc                EINT3_IRQHandler
                0x0000000000000dfc                EADC01_IRQHandler
                0x0000000000000dfc                I2S0_IRQHandler
                0x0000000000000dfc                EINT6_IRQHandler
                0x0000000000000dfc                EPWM1P1_IRQHandler
                0x0000000000000dfc                UART0_IRQHandler
                0x0000000000000dfc                BRAKE1_IRQHandler
                0x0000000000000dfc                GPE_IRQHandler
                0x0000000000000dfc                EPWM1P0_IRQHandler
                0x0000000000000dfc                EADC03_IRQHandler
                0x0000000000000dfc                SDH1_IRQHandler
                0x0000000000000dfc                EADC12_IRQHandler
                0x0000000000000dfc                UsageFault_Handler
                0x0000000000000dfc                EADC10_IRQHandler
                0x0000000000000dfc                GPB_IRQHandler
                0x0000000000000dfc                SPI1_IRQHandler
                0x0000000000000dfc                TAMPER_IRQHandler
                0x0000000000000dfc                TMR0_IRQHandler
                0x0000000000000dfc                USCI1_IRQHandler
                0x0000000000000dfc                SDH0_IRQHandler
                0x0000000000000dfc                QSPI0_IRQHandler
                0x0000000000000dfc                EPWM0P1_IRQHandler
                0x0000000000000dfc                GPA_IRQHandler
                0x0000000000000dfc                IRC_IRQHandler
                0x0000000000000dfc                I2C2_IRQHandler
                0x0000000000000dfc                EINT7_IRQHandler
                0x0000000000000dfc                EADC02_IRQHandler
                0x0000000000000dfc                RTC_IRQHandler
                0x0000000000000dfc                PWRWU_IRQHandler
                0x0000000000000dfc                UART5_IRQHandler
                0x0000000000000dfc                BPWM1_IRQHandler
                0x0000000000000dfc                EINT1_IRQHandler
                0x0000000000000dfc                EADC11_IRQHandler
                0x0000000000000dfc                UART2_IRQHandler
                0x0000000000000dfc                EHCI_IRQHandler
                0x0000000000000dfc                GPH_IRQHandler
                0x0000000000000dfc                UART4_IRQHandler
                0x0000000000000dfc                GPC_IRQHandler
                0x0000000000000dfc                OHCI_IRQHandler
                0x0000000000000dfc                Default_Handler
                0x0000000000000dfc                QSPI1_IRQHandler
                0x0000000000000dfc                CKFAIL_IRQHandler
                0x0000000000000dfc                USBOTG20_IRQHandler
                0x0000000000000dfc                QEI1_IRQHandler
                0x0000000000000dfc                TMR2_IRQHandler
                0x0000000000000dfc                SPIM_IRQHandler
                0x0000000000000dfc                ECAP0_IRQHandler
                0x0000000000000dfc                QEI0_IRQHandler
                0x0000000000000dfc                BPWM0_IRQHandler
                0x0000000000000dfc                BOD_IRQHandler
                0x0000000000000dfc                SPI2_IRQHandler
                0x0000000000000dfc                MemManage_Handler
                0x0000000000000dfc                WDT_IRQHandler
                0x0000000000000dfc                SVC_Handler
                0x0000000000000dfc                USBOTG_IRQHandler
                0x0000000000000dfc                OPA0_IRQHandler
                0x0000000000000dfc                EINT4_IRQHandler
                0x0000000000000dfc                USBD20_IRQHandler
                0x0000000000000dfc                PDMA_IRQHandler
                0x0000000000000dfc                SC1_IRQHandler
                0x0000000000000dfc                RAMPE_IRQHandler
                0x0000000000000dfc                EPWM0P0_IRQHandler
                0x0000000000000dfc                EINT0_IRQHandler
                0x0000000000000dfc                EINT5_IRQHandler
                0x0000000000000dfc                CRYPTO_IRQHandler
                0x0000000000000dfc                GPG_IRQHandler
                0x0000000000000dfc                CAN0_IRQHandler
                0x0000000000000dfc                TMR3_IRQHandler
                0x0000000000000dfc                DAC_IRQHandler
                0x0000000000000dfc                EMAC_TX_IRQHandler
                0x0000000000000dfc                SPI0_IRQHandler
                0x0000000000000dfc                GPD_IRQHandler
                0x0000000000000dfc                UART7_IRQHandler
                0x0000000000000dfc                UART6_IRQHandler
                0x0000000000000dfc                CCAP_IRQHandler
                0x0000000000000dfc                ECAP1_IRQHandler
                0x0000000000000dfc                CAN2_IRQHandler
                0x0000000000000dfc                GPF_IRQHandler
                0x0000000000000dfc                BusFault_Handler
                0x0000000000000dfc                SPI3_IRQHandler
                0x0000000000000dfc                UART3_IRQHandler
                0x0000000000000dfc                TMR1_IRQHandler
                0x0000000000000dfc                TRNG_IRQHandler
                0x0000000000000dfc                WWDT_IRQHandler
                0x0000000000000dfc                EADC00_IRQHandler
 .text.memset   0x0000000000000e00       0x10 /home/danchouzhou/gcc-arm-none-eabi-10.3-2021.07/bin/../lib/gcc/arm-none-eabi/10.3.1/../../../../arm-none-eabi/lib/thumb/v7e-m/nofp/libc_nano.a(lib_a-memset.o)
                0x0000000000000e00                memset
 *(.init)
 .init          0x0000000000000e10        0x4 /home/danchouzhou/gcc-arm-none-eabi-10.3-2021.07/bin/../lib/gcc/arm-none-eabi/10.3.1/thumb/v7e-m/nofp/crti.o
                0x0000000000000e10                _init
 .init          0x0000000000000e14        0x8 /home/danchouzhou/gcc-arm-none-eabi-10.3-2021.07/bin/../lib/gcc/arm-none-eabi/10.3.1/thumb/v7e-m/nofp/crtn.o
 *(.fini)
 .fini          0x0000000000000e1c        0x4 /home/danchouzhou/gcc-arm-none-eabi-10.3-2021.07/bin/../lib/gcc/arm-none-eabi/10.3.1/thumb/v7e-m/nofp/crti.o
                0x0000000000000e1c                _fini
 .fini          0x0000000000000e20        0x8 /home/danchouzhou/gcc-arm-none-eabi-10.3-2021.07/bin/../lib/gcc/arm-none-eabi/10.3.1/thumb/v7e-m/nofp/crtn.o
 *crtbegin.o(.ctors)
 *crtbegin?.o(.ctors)
 *(EXCLUDE_FILE(*crtend.o *crtend?.o) .ctors)
 *(SORT_BY_NAME(.ctors.*))
 *(.ctors)
 *crtbegin.o(.dtors)
 *crtbegin?.o(.dtors)
 *(EXCLUDE_FILE(*crtend.o *crtend?.o) .dtors)
 *(SORT_BY_NAME(.dtors.*))
 *(.dtors)
 *(.rodata*)
 .rodata.gsInfo
                0x0000000000000e28       0x1c /tmp/ISP_HID.axf.gx5VDB.ltrans0.ltrans.o
 *(.eh_frame*)
 .eh_frame      0x0000000000000e44        0x0 /home/danchouzhou/gcc-arm-none-eabi-10.3-2021.07/bin/../lib/gcc/arm-none-eabi/10.3.1/thumb/v7e-m/nofp/crtbegin.o
 .eh_frame      0x0000000000000e44        0x4 /home/danchouzhou/gcc-arm-none-eabi-10.3-2021.07/bin/../lib/gcc/arm-none-eabi/10.3.1/thumb/v7e-m/nofp/crtend.o

.glue_7         0x0000000000000e48        0x0
 .glue_7        0x0000000000000e48        0x0 linker stubs

.glue_7t        0x0000000000000e48        0x0
 .glue_7t       0x0000000000000e48        0x0 linker stubs

.vfp11_veneer   0x0000000000000e48        0x0
 .vfp11_veneer  0x0000000000000e48        0x0 linker stubs

.v4_bx          0x0000000000000e48        0x0
 .v4_bx         0x0000000000000e48        0x0 linker stubs

.iplt           0x0000000000000e48        0x0
 .iplt          0x0000000000000e48        0x0 /home/danchouzhou/gcc-arm-none-eabi-10.3-2021.07/bin/../lib/gcc/arm-none-eabi/10.3.1/thumb/v7e-m/nofp/crtbegin.o

.rel.dyn        0x0000000000000e48        0x0
 .rel.iplt      0x0000000000000e48        0x0 /home/danchouzhou/gcc-arm-none-eabi-10.3-2021.07/bin/../lib/gcc/arm-none-eabi/10.3.1/thumb/v7e-m/nofp/crtbegin.o

.ARM.extab
 *(.ARM.extab* .gnu.linkonce.armextab.*)
                0x0000000000000e48                __exidx_start = .

.ARM.exidx
 *(.ARM.exidx* .gnu.linkonce.armexidx.*)
                0x0000000000000e48                __exidx_end = .
                0x0000000000000e48                __etext = .

.data           0x0000000020000000       0xd4 load address 0x0000000000000e48
                0x0000000020000000                __data_start__ = .
 *(vtable)
 *(.data*)
 .data.CyclesPerUs
                0x0000000020000000        0x4 /tmp/ISP_HID.axf.gx5VDB.ltrans0.ltrans.o
 .data.HID_DeviceReportDescriptor
                0x0000000020000004       0x1d /tmp/ISP_HID.axf.gx5VDB.ltrans0.ltrans.o
 *fill*         0x0000000020000021        0x3 
 .data.g_packno.6
                0x0000000020000024        0x4 /tmp/ISP_HID.axf.gx5VDB.ltrans0.ltrans.o
 .data.g_usbd_CtrlMaxPktSize
                0x0000000020000028        0x4 /tmp/ISP_HID.axf.gx5VDB.ltrans0.ltrans.o
 .data.gpu8UsbString
                0x000000002000002c       0x10 /tmp/ISP_HID.axf.gx5VDB.ltrans0.ltrans.o
 .data.gu32ConfigHidDescIdx
                0x000000002000003c        0xc /tmp/ISP_HID.axf.gx5VDB.ltrans0.ltrans.o
 .data.gu32UsbHidReportLen
                0x0000000020000048        0xc /tmp/ISP_HID.axf.gx5VDB.ltrans0.ltrans.o
 .data.gu8BOSDescriptor
                0x0000000020000054        0xc /tmp/ISP_HID.axf.gx5VDB.ltrans0.ltrans.o
 .data.gu8ConfigDescriptor
                0x0000000020000060       0x29 /tmp/ISP_HID.axf.gx5VDB.ltrans0.ltrans.o
 .data.gu8DeviceDescriptor
                0x0000000020000089       0x12 /tmp/ISP_HID.axf.gx5VDB.ltrans0.ltrans.o
 .data.gu8ProductStringDesc
                0x000000002000009b       0x10 /tmp/ISP_HID.axf.gx5VDB.ltrans0.ltrans.o
 .data.gu8StringLang
                0x00000000200000ab        0x4 /tmp/ISP_HID.axf.gx5VDB.ltrans0.ltrans.o
 *fill*         0x00000000200000af        0x1 
 .data.gu8UsbHidReport
                0x00000000200000b0        0xc /tmp/ISP_HID.axf.gx5VDB.ltrans0.ltrans.o
 .data.gu8VendorStringDesc
                0x00000000200000bc       0x10 /tmp/ISP_HID.axf.gx5VDB.ltrans0.ltrans.o
                0x00000000200000cc                . = ALIGN (0x4)
                0x00000000200000cc                PROVIDE (__preinit_array_start = .)
 *(.preinit_array)
                0x00000000200000cc                PROVIDE (__preinit_array_end = .)
                0x00000000200000cc                . = ALIGN (0x4)
                0x00000000200000cc                PROVIDE (__init_array_start = .)
 *(SORT_BY_NAME(.init_array.*))
 *(.init_array)
 .init_array    0x00000000200000cc        0x4 /home/danchouzhou/gcc-arm-none-eabi-10.3-2021.07/bin/../lib/gcc/arm-none-eabi/10.3.1/thumb/v7e-m/nofp/crtbegin.o
                0x00000000200000d0                PROVIDE (__init_array_end = .)
                0x00000000200000d0                . = ALIGN (0x4)
                [!provide]                        PROVIDE (__fini_array_start = .)
 *(SORT_BY_NAME(.fini_array.*))
 *(.fini_array)
 .fini_array    0x00000000200000d0        0x4 /home/danchouzhou/gcc-arm-none-eabi-10.3-2021.07/bin/../lib/gcc/arm-none-eabi/10.3.1/thumb/v7e-m/nofp/crtbegin.o
                [!provide]                        PROVIDE (__fini_array_end = .)
 *(.jcr*)
                0x00000000200000d4                . = ALIGN (0x4)
                0x00000000200000d4                __data_end__ = .

.igot.plt       0x00000000200000d4        0x0 load address 0x0000000000000f1c
 .igot.plt      0x00000000200000d4        0x0 /home/danchouzhou/gcc-arm-none-eabi-10.3-2021.07/bin/../lib/gcc/arm-none-eabi/10.3.1/thumb/v7e-m/nofp/crtbegin.o

.bss            0x00000000200000d4     0x1100 load address 0x0000000000000f1c
                0x00000000200000d4                . = ALIGN (0x4)
                0x00000000200000d4                __bss_start__ = .
 *(.bss*)
 .bss           0x00000000200000d4       0x1c /home/danchouzhou/gcc-arm-none-eabi-10.3-2021.07/bin/../lib/gcc/arm-none-eabi/10.3.1/thumb/v7e-m/nofp/crtbegin.o
 .bss.LastDataLen.0
                0x00000000200000f0        0x4 /tmp/ISP_HID.axf.gx5VDB.ltrans0.ltrans.o
 .bss.StartAddress.4
                0x00000000200000f4        0x4 /tmp/ISP_HID.axf.gx5VDB.ltrans0.ltrans.o
 .bss.StartAddress_bak.2
                0x00000000200000f8        0x4 /tmp/ISP_HID.axf.gx5VDB.ltrans0.ltrans.o
 .bss.TotalLen.3
                0x00000000200000fc        0x4 /tmp/ISP_HID.axf.gx5VDB.ltrans0.ltrans.o
 .bss.TotalLen_bak.1
                0x0000000020000100        0x4 /tmp/ISP_HID.axf.gx5VDB.ltrans0.ltrans.o
 .bss.aprom_buf
                0x0000000020000104     0x1000 /tmp/ISP_HID.axf.gx5VDB.ltrans0.ltrans.o
 .bss.bUpdateApromCmd
                0x0000000020001104        0x4 /tmp/ISP_HID.axf.gx5VDB.ltrans0.ltrans.o
 .bss.bUsbDataReady
                0x0000000020001108        0x1 /tmp/ISP_HID.axf.gx5VDB.ltrans0.ltrans.o
 *fill*         0x0000000020001109        0x3 
 .bss.g_apromSize
                0x000000002000110c        0x4 /tmp/ISP_HID.axf.gx5VDB.ltrans0.ltrans.o
 .bss.g_dataFlashAddr
                0x0000000020001110        0x4 /tmp/ISP_HID.axf.gx5VDB.ltrans0.ltrans.o
 .bss.g_dataFlashSize
                0x0000000020001114        0x4 /tmp/ISP_HID.axf.gx5VDB.ltrans0.ltrans.o
 .bss.g_u32EpStallLock
                0x0000000020001118        0x4 /tmp/ISP_HID.axf.gx5VDB.ltrans0.ltrans.o
 .bss.g_usbd_CtrlInPointer
                0x000000002000111c        0x4 /tmp/ISP_HID.axf.gx5VDB.ltrans0.ltrans.o
 .bss.g_usbd_CtrlInSize
                0x0000000020001120        0x4 /tmp/ISP_HID.axf.gx5VDB.ltrans0.ltrans.o
 .bss.g_usbd_CtrlInZeroFlag
                0x0000000020001124        0x1 /tmp/ISP_HID.axf.gx5VDB.ltrans0.ltrans.o
 *fill*         0x0000000020001125        0x3 
 .bss.g_usbd_CtrlOutPointer
                0x0000000020001128        0x4 /tmp/ISP_HID.axf.gx5VDB.ltrans0.ltrans.o
 .bss.g_usbd_CtrlOutSize
                0x000000002000112c        0x4 /tmp/ISP_HID.axf.gx5VDB.ltrans0.ltrans.o
 .bss.g_usbd_CtrlOutSizeLimit
                0x0000000020001130        0x4 /tmp/ISP_HID.axf.gx5VDB.ltrans0.ltrans.o
 .bss.g_usbd_RemoteWakeupEn
                0x0000000020001134        0x1 /tmp/ISP_HID.axf.gx5VDB.ltrans0.ltrans.o
 .bss.g_usbd_SetupPacket
                0x0000000020001135        0x8 /tmp/ISP_HID.axf.gx5VDB.ltrans0.ltrans.o
 *fill*         0x000000002000113d        0x3 
 .bss.g_usbd_UsbAddr
                0x0000000020001140        0x4 /tmp/ISP_HID.axf.gx5VDB.ltrans0.ltrans.o
 .bss.g_usbd_UsbConfig
                0x0000000020001144        0x4 /tmp/ISP_HID.axf.gx5VDB.ltrans0.ltrans.o
 .bss.g_usbd_pfnClassRequest
                0x0000000020001148        0x4 /tmp/ISP_HID.axf.gx5VDB.ltrans0.ltrans.o
 .bss.g_usbd_sInfo
                0x000000002000114c        0x4 /tmp/ISP_HID.axf.gx5VDB.ltrans0.ltrans.o
 .bss.gcmd.5    0x0000000020001150        0x4 /tmp/ISP_HID.axf.gx5VDB.ltrans0.ltrans.o
 .bss.response_buff
                0x0000000020001154       0x40 /tmp/ISP_HID.axf.gx5VDB.ltrans0.ltrans.o
 .bss.usb_rcvbuf
                0x0000000020001194       0x40 /tmp/ISP_HID.axf.gx5VDB.ltrans0.ltrans.o
 *(COMMON)
                0x00000000200011d4                . = ALIGN (0x4)
                0x00000000200011d4                __bss_end__ = .

.heap           0x00000000200011d8      0x100
                0x00000000200011d8                __HeapBase = .
                0x00000000200011d8                __end__ = .
                0x00000000200011d8                end = __end__
 *(.heap*)
 .heap          0x00000000200011d8      0x100 /tmp/cch1X9K7.o
                0x00000000200012d8                __HeapLimit = .

.stack_dummy    0x00000000200011d8      0x800
 *(.stack*)
 .stack         0x00000000200011d8      0x800 /tmp/cch1X9K7.o
                0x0000000020020000                __StackTop = (ORIGIN (RAM) + LENGTH (RAM))
                0x000000002001f800                __StackLimit = (__StackTop - SIZEOF (.stack_dummy))
                0x0000000020020000                PROVIDE (__stack = __StackTop)
                0x0000000000000001                ASSERT ((__StackLimit >= __HeapLimit), region RAM overflowed with stack)
OUTPUT(ISP_HID.axf elf32-littlearm)
LOAD linker stubs

.ARM.attributes
                0x0000000000000000       0x2a
 .ARM.attributes
                0x0000000000000000       0x1e /home/danchouzhou/gcc-arm-none-eabi-10.3-2021.07/bin/../lib/gcc/arm-none-eabi/10.3.1/thumb/v7e-m/nofp/crti.o
 .ARM.attributes
                0x000000000000001e       0x2e /home/danchouzhou/gcc-arm-none-eabi-10.3-2021.07/bin/../lib/gcc/arm-none-eabi/10.3.1/thumb/v7e-m/nofp/crtbegin.o
 .ARM.attributes
                0x000000000000004c       0x2c /tmp/ISP_HID.axf.gx5VDB.ltrans0.ltrans.o
 .ARM.attributes
                0x0000000000000078       0x1b /tmp/cch1X9K7.o
 .ARM.attributes
                0x0000000000000093       0x2e /home/danchouzhou/gcc-arm-none-eabi-10.3-2021.07/bin/../lib/gcc/arm-none-eabi/10.3.1/../../../../arm-none-eabi/lib/thumb/v7e-m/nofp/libc_nano.a(lib_a-memset.o)
 .ARM.attributes
                0x00000000000000c1       0x2e /home/danchouzhou/gcc-arm-none-eabi-10.3-2021.07/bin/../lib/gcc/arm-none-eabi/10.3.1/thumb/v7e-m/nofp/crtend.o
 .ARM.attributes
                0x00000000000000ef       0x1e /home/danchouzhou/gcc-arm-none-eabi-10.3-2021.07/bin/../lib/gcc/arm-none-eabi/10.3.1/thumb/v7e-m/nofp/crtn.o

.comment        0x0000000000000000       0x49
 .comment       0x0000000000000000       0x49 /tmp/ISP_HID.axf.gx5VDB.ltrans0.ltrans.o
                                         0x4a (size before relaxing)

.debug_frame    0x0000000000000000       0x20
 .debug_frame   0x0000000000000000       0x20 /home/danchouzhou/gcc-arm-none-eabi-10.3-2021.07/bin/../lib/gcc/arm-none-eabi/10.3.1/../../../../arm-none-eabi/lib/thumb/v7e-m/nofp/libc_nano.a(lib_a-memset.o)
