Archive member included to satisfy reference by file (symbol)

/home/danchouzhou/gcc-arm-none-eabi-10.3-2021.07/bin/../lib/gcc/arm-none-eabi/10.3.1/../../../../arm-none-eabi/lib/thumb/v7e-m/nofp/libc_nano.a(lib_a-errno.o)
                              _syscalls.o (symbol from plugin) (__errno)
/home/danchouzhou/gcc-arm-none-eabi-10.3-2021.07/bin/../lib/gcc/arm-none-eabi/10.3.1/../../../../arm-none-eabi/lib/thumb/v7e-m/nofp/libc_nano.a(lib_a-exit.o)
                              /home/danchouzhou/gcc-arm-none-eabi-10.3-2021.07/bin/../lib/gcc/arm-none-eabi/10.3.1/../../../../arm-none-eabi/lib/thumb/v7e-m/nofp/crt0.o (exit)
/home/danchouzhou/gcc-arm-none-eabi-10.3-2021.07/bin/../lib/gcc/arm-none-eabi/10.3.1/../../../../arm-none-eabi/lib/thumb/v7e-m/nofp/libc_nano.a(lib_a-impure.o)
                              /home/danchouzhou/gcc-arm-none-eabi-10.3-2021.07/bin/../lib/gcc/arm-none-eabi/10.3.1/../../../../arm-none-eabi/lib/thumb/v7e-m/nofp/libc_nano.a(lib_a-exit.o) (_global_impure_ptr)
/home/danchouzhou/gcc-arm-none-eabi-10.3-2021.07/bin/../lib/gcc/arm-none-eabi/10.3.1/../../../../arm-none-eabi/lib/thumb/v7e-m/nofp/libc_nano.a(lib_a-init.o)
                              /home/danchouzhou/gcc-arm-none-eabi-10.3-2021.07/bin/../lib/gcc/arm-none-eabi/10.3.1/../../../../arm-none-eabi/lib/thumb/v7e-m/nofp/crt0.o (__libc_init_array)
/home/danchouzhou/gcc-arm-none-eabi-10.3-2021.07/bin/../lib/gcc/arm-none-eabi/10.3.1/../../../../arm-none-eabi/lib/thumb/v7e-m/nofp/libc_nano.a(lib_a-memcmp.o)
                              emac.o (symbol from plugin) (memcmp)
/home/danchouzhou/gcc-arm-none-eabi-10.3-2021.07/bin/../lib/gcc/arm-none-eabi/10.3.1/../../../../arm-none-eabi/lib/thumb/v7e-m/nofp/libc_nano.a(lib_a-memcpy-stub.o)
                              crypto.o (symbol from plugin) (memcpy)
/home/danchouzhou/gcc-arm-none-eabi-10.3-2021.07/bin/../lib/gcc/arm-none-eabi/10.3.1/../../../../arm-none-eabi/lib/thumb/v7e-m/nofp/libc_nano.a(lib_a-memset.o)
                              /home/danchouzhou/gcc-arm-none-eabi-10.3-2021.07/bin/../lib/gcc/arm-none-eabi/10.3.1/../../../../arm-none-eabi/lib/thumb/v7e-m/nofp/crt0.o (memset)
/home/danchouzhou/gcc-arm-none-eabi-10.3-2021.07/bin/../lib/gcc/arm-none-eabi/10.3.1/../../../../arm-none-eabi/lib/thumb/v7e-m/nofp/libc_nano.a(lib_a-printf.o)
                              main.o (symbol from plugin) (printf)
/home/danchouzhou/gcc-arm-none-eabi-10.3-2021.07/bin/../lib/gcc/arm-none-eabi/10.3.1/../../../../arm-none-eabi/lib/thumb/v7e-m/nofp/libc_nano.a(lib_a-strlen.o)
                              crypto.o (symbol from plugin) (strlen)
/home/danchouzhou/gcc-arm-none-eabi-10.3-2021.07/bin/../lib/gcc/arm-none-eabi/10.3.1/../../../../arm-none-eabi/lib/thumb/v7e-m/nofp/libc_nano.a(lib_a-findfp.o)
                              /home/danchouzhou/gcc-arm-none-eabi-10.3-2021.07/bin/../lib/gcc/arm-none-eabi/10.3.1/../../../../arm-none-eabi/lib/thumb/v7e-m/nofp/libc_nano.a(lib_a-printf.o) (__sinit)
/home/danchouzhou/gcc-arm-none-eabi-10.3-2021.07/bin/../lib/gcc/arm-none-eabi/10.3.1/../../../../arm-none-eabi/lib/thumb/v7e-m/nofp/libc_nano.a(lib_a-fwalk.o)
                              /home/danchouzhou/gcc-arm-none-eabi-10.3-2021.07/bin/../lib/gcc/arm-none-eabi/10.3.1/../../../../arm-none-eabi/lib/thumb/v7e-m/nofp/libc_nano.a(lib_a-findfp.o) (_fwalk)
/home/danchouzhou/gcc-arm-none-eabi-10.3-2021.07/bin/../lib/gcc/arm-none-eabi/10.3.1/../../../../arm-none-eabi/lib/thumb/v7e-m/nofp/libc_nano.a(lib_a-lock.o)
                              /home/danchouzhou/gcc-arm-none-eabi-10.3-2021.07/bin/../lib/gcc/arm-none-eabi/10.3.1/../../../../arm-none-eabi/lib/thumb/v7e-m/nofp/libc_nano.a(lib_a-findfp.o) (__retarget_lock_init_recursive)
/home/danchouzhou/gcc-arm-none-eabi-10.3-2021.07/bin/../lib/gcc/arm-none-eabi/10.3.1/../../../../arm-none-eabi/lib/thumb/v7e-m/nofp/libc_nano.a(lib_a-nano-mallocr.o)
                              /home/danchouzhou/gcc-arm-none-eabi-10.3-2021.07/bin/../lib/gcc/arm-none-eabi/10.3.1/../../../../arm-none-eabi/lib/thumb/v7e-m/nofp/libc_nano.a(lib_a-findfp.o) (_malloc_r)
/home/danchouzhou/gcc-arm-none-eabi-10.3-2021.07/bin/../lib/gcc/arm-none-eabi/10.3.1/../../../../arm-none-eabi/lib/thumb/v7e-m/nofp/libc_nano.a(lib_a-nano-vfprintf.o)
                              /home/danchouzhou/gcc-arm-none-eabi-10.3-2021.07/bin/../lib/gcc/arm-none-eabi/10.3.1/../../../../arm-none-eabi/lib/thumb/v7e-m/nofp/libc_nano.a(lib_a-printf.o) (_vfprintf_r)
/home/danchouzhou/gcc-arm-none-eabi-10.3-2021.07/bin/../lib/gcc/arm-none-eabi/10.3.1/../../../../arm-none-eabi/lib/thumb/v7e-m/nofp/libc_nano.a(lib_a-nano-vfprintf_i.o)
                              /home/danchouzhou/gcc-arm-none-eabi-10.3-2021.07/bin/../lib/gcc/arm-none-eabi/10.3.1/../../../../arm-none-eabi/lib/thumb/v7e-m/nofp/libc_nano.a(lib_a-nano-vfprintf.o) (_printf_i)
/home/danchouzhou/gcc-arm-none-eabi-10.3-2021.07/bin/../lib/gcc/arm-none-eabi/10.3.1/../../../../arm-none-eabi/lib/thumb/v7e-m/nofp/libc_nano.a(lib_a-sbrkr.o)
[...]
Memory Configuration

Name             Origin             Length             Attributes
FLASH            0x0000000000000000 0x0000000000080000 xr
RAM              0x0000000020000000 0x0000000000020000 xrw
*default*        0x0000000000000000 0xffffffffffffffff

Linker script and memory map

LOAD /home/danchouzhou/gcc-arm-none-eabi-10.3-2021.07/bin/../lib/gcc/arm-none-eabi/10.3.1/thumb/v7e-m/nofp/crti.o
LOAD /home/danchouzhou/gcc-arm-none-eabi-10.3-2021.07/bin/../lib/gcc/arm-none-eabi/10.3.1/thumb/v7e-m/nofp/crtbegin.o
LOAD /home/danchouzhou/gcc-arm-none-eabi-10.3-2021.07/bin/../lib/gcc/arm-none-eabi/10.3.1/../../../../arm-none-eabi/lib/thumb/v7e-m/nofp/crt0.o
LOAD _syscalls.o
LOAD /tmp/HelloWorld.axf.I7qttn.ltrans0.ltrans.o
LOAD acmp.o
LOAD bpwm.o
LOAD can.o
LOAD ccap.o
LOAD clk.o
LOAD crc.o
LOAD crypto.o
LOAD dac.o
LOAD eadc.o
LOAD ebi.o
LOAD ecap.o
LOAD emac.o
LOAD epwm.o
LOAD fmc.o
LOAD gpio.o
LOAD hsusbd.o
LOAD i2c.o
LOAD i2s.o
LOAD main.o
LOAD pdma.o
LOAD qei.o
LOAD qspi.o
LOAD retarget.o
LOAD rtc.o
LOAD sc.o
LOAD scuart.o
LOAD sdh.o
LOAD spi.o
LOAD spim.o
LOAD sys.o
LOAD system_M480.o
LOAD timer.o
LOAD timer_pwm.o
LOAD trng.o
LOAD uart.o
LOAD usbd.o
LOAD usci_i2c.o
LOAD usci_spi.o
LOAD usci_uart.o
LOAD wdt.o
LOAD wwdt.o
LOAD /tmp/ccEwclGZ.o
START GROUP
LOAD /home/danchouzhou/gcc-arm-none-eabi-10.3-2021.07/bin/../lib/gcc/arm-none-eabi/10.3.1/thumb/v7e-m/nofp/libgcc.a
LOAD /home/danchouzhou/gcc-arm-none-eabi-10.3-2021.07/bin/../lib/gcc/arm-none-eabi/10.3.1/../../../../arm-none-eabi/lib/thumb/v7e-m/nofp/libc_nano.a
END GROUP
START GROUP
LOAD /home/danchouzhou/gcc-arm-none-eabi-10.3-2021.07/bin/../lib/gcc/arm-none-eabi/10.3.1/thumb/v7e-m/nofp/libgcc.a
LOAD /home/danchouzhou/gcc-arm-none-eabi-10.3-2021.07/bin/../lib/gcc/arm-none-eabi/10.3.1/../../../../arm-none-eabi/lib/thumb/v7e-m/nofp/libc_nano.a
LOAD /home/danchouzhou/gcc-arm-none-eabi-10.3-2021.07/bin/../lib/gcc/arm-none-eabi/10.3.1/../../../../arm-none-eabi/lib/thumb/v7e-m/nofp/libnosys.a
END GROUP
START GROUP
LOAD /home/danchouzhou/gcc-arm-none-eabi-10.3-2021.07/bin/../lib/gcc/arm-none-eabi/10.3.1/thumb/v7e-m/nofp/libgcc.a
LOAD /home/danchouzhou/gcc-arm-none-eabi-10.3-2021.07/bin/../lib/gcc/arm-none-eabi/10.3.1/../../../../arm-none-eabi/lib/thumb/v7e-m/nofp/libc_nano.a
LOAD /home/danchouzhou/gcc-arm-none-eabi-10.3-2021.07/bin/../lib/gcc/arm-none-eabi/10.3.1/../../../../arm-none-eabi/lib/thumb/v7e-m/nofp/libnosys.a
END GROUP
LOAD /home/danchouzhou/gcc-arm-none-eabi-10.3-2021.07/bin/../lib/gcc/arm-none-eabi/10.3.1/thumb/v7e-m/nofp/crtend.o
LOAD /home/danchouzhou/gcc-arm-none-eabi-10.3-2021.07/bin/../lib/gcc/arm-none-eabi/10.3.1/thumb/v7e-m/nofp/crtn.o
START GROUP
LOAD /home/danchouzhou/gcc-arm-none-eabi-10.3-2021.07/bin/../lib/gcc/arm-none-eabi/10.3.1/thumb/v7e-m/nofp/libgcc.a
LOAD /home/danchouzhou/gcc-arm-none-eabi-10.3-2021.07/bin/../lib/gcc/arm-none-eabi/10.3.1/../../../../arm-none-eabi/lib/thumb/v7e-m/nofp/libc.a
LOAD /home/danchouzhou/gcc-arm-none-eabi-10.3-2021.07/bin/../lib/gcc/arm-none-eabi/10.3.1/../../../../arm-none-eabi/lib/thumb/v7e-m/nofp/libm.a
LOAD /home/danchouzhou/gcc-arm-none-eabi-10.3-2021.07/bin/../lib/gcc/arm-none-eabi/10.3.1/../../../../arm-none-eabi/lib/thumb/v7e-m/nofp/libnosys.a
END GROUP

.text           0x0000000000000000     0x18c8
 *(.vectors)
 .vectors       0x0000000000000000      0x1f4 /tmp/ccEwclGZ.o
                0x0000000000000000                __Vectors
                0x00000000000001f4                __Vectors_End = .
                0x00000000000001f4                __Vectors_Size = (__Vectors_End - __Vectors)
                0x00000000200000a0                __end__ = .
 *(.text*)
 .text          0x00000000000001f4       0x40 /home/danchouzhou/gcc-arm-none-eabi-10.3-2021.07/bin/../lib/gcc/arm-none-eabi/10.3.1/thumb/v7e-m/nofp/crtbegin.o
 .text.CLK_GetPLLClockFreq
                0x0000000000000234       0x54 /tmp/HelloWorld.axf.I7qttn.ltrans0.ltrans.o
 .text.SystemCoreClockUpdate
                0x0000000000000288       0x14 /tmp/HelloWorld.axf.I7qttn.ltrans0.ltrans.o
 .text.CLK_WaitClockReady.isra.0
                0x000000000000029c       0x1c /tmp/HelloWorld.axf.I7qttn.ltrans0.ltrans.o
 .text.CLK_EnablePLL.isra.0
                0x00000000000002b8      0x148 /tmp/HelloWorld.axf.I7qttn.ltrans0.ltrans.o
 .text.Hard_Fault_Handler
                0x0000000000000400       0x70 /tmp/HelloWorld.axf.I7qttn.ltrans0.ltrans.o
 .text._close   0x0000000000000470       0x10 /tmp/HelloWorld.axf.I7qttn.ltrans0.ltrans.o
                0x0000000000000470                _close
 .text._fstat   0x0000000000000480       0x10 /tmp/HelloWorld.axf.I7qttn.ltrans0.ltrans.o
                0x0000000000000480                _fstat
 .text._isatty  0x0000000000000490        0xe /tmp/HelloWorld.axf.I7qttn.ltrans0.ltrans.o
                0x0000000000000490                _isatty
 .text._lseek   0x000000000000049e       0x10 /tmp/HelloWorld.axf.I7qttn.ltrans0.ltrans.o
                0x000000000000049e                _lseek
 *fill*         0x00000000000004ae        0x2 
 .text.startup.main
                0x00000000000004b0      0x194 /tmp/HelloWorld.axf.I7qttn.ltrans0.ltrans.o
                0x00000000000004b0                main
 .text.HardFault_Handler
                0x0000000000000644       0x24 /tmp/HelloWorld.axf.I7qttn.ltrans0.ltrans.o
                0x0000000000000644                HardFault_Handler
 .text._write   0x0000000000000668       0x30 /tmp/HelloWorld.axf.I7qttn.ltrans0.ltrans.o
                0x0000000000000668                _write
 .text._read    0x0000000000000698       0x14 /tmp/HelloWorld.axf.I7qttn.ltrans0.ltrans.o
                0x0000000000000698                _read
 .text.SystemInit
                0x00000000000006ac       0x64 /tmp/HelloWorld.axf.I7qttn.ltrans0.ltrans.o
                0x00000000000006ac                SystemInit
 .text          0x0000000000000710       0x88 /tmp/ccEwclGZ.o
                0x0000000000000710                Reset_Handler
                0x0000000000000794                EPWM0P2_IRQHandler
                0x0000000000000794                BRAKE0_IRQHandler
                0x0000000000000794                SC2_IRQHandler
                0x0000000000000794                DebugMon_Handler
                0x0000000000000794                EPWM1P2_IRQHandler
                0x0000000000000794                ACMP01_IRQHandler
                0x0000000000000794                I2C0_IRQHandler
                0x0000000000000794                EMAC_RX_IRQHandler
                0x0000000000000794                SC0_IRQHandler
                0x0000000000000794                USCI0_IRQHandler
                0x0000000000000794                SysTick_Handler
                0x0000000000000794                EADC13_IRQHandler
                0x0000000000000794                PendSV_Handler
                0x0000000000000794                NMI_Handler
                0x0000000000000794                I2C1_IRQHandler
                0x0000000000000794                EINT2_IRQHandler
                0x0000000000000794                UART1_IRQHandler
                0x0000000000000794                CAN1_IRQHandler
                0x0000000000000794                EINT3_IRQHandler
                0x0000000000000794                EADC01_IRQHandler
                0x0000000000000794                I2S0_IRQHandler
                0x0000000000000794                EINT6_IRQHandler
                0x0000000000000794                EPWM1P1_IRQHandler
                0x0000000000000794                UART0_IRQHandler
                0x0000000000000794                BRAKE1_IRQHandler
                0x0000000000000794                GPE_IRQHandler
                0x0000000000000794                EPWM1P0_IRQHandler
                0x0000000000000794                EADC03_IRQHandler
                0x0000000000000794                SDH1_IRQHandler
                0x0000000000000794                USBD_IRQHandler
                0x0000000000000794                EADC12_IRQHandler
                0x0000000000000794                UsageFault_Handler
                0x0000000000000794                EADC10_IRQHandler
                0x0000000000000794                GPB_IRQHandler
                0x0000000000000794                SPI1_IRQHandler
                0x0000000000000794                TAMPER_IRQHandler
                0x0000000000000794                TMR0_IRQHandler
                0x0000000000000794                USCI1_IRQHandler
                0x0000000000000794                SDH0_IRQHandler
                0x0000000000000794                QSPI0_IRQHandler
                0x0000000000000794                EPWM0P1_IRQHandler
                0x0000000000000794                GPA_IRQHandler
                0x0000000000000794                IRC_IRQHandler
                0x0000000000000794                I2C2_IRQHandler
                0x0000000000000794                EINT7_IRQHandler
                0x0000000000000794                EADC02_IRQHandler
                0x0000000000000794                RTC_IRQHandler
                0x0000000000000794                PWRWU_IRQHandler
                0x0000000000000794                UART5_IRQHandler
                0x0000000000000794                BPWM1_IRQHandler
                0x0000000000000794                EINT1_IRQHandler
                0x0000000000000794                EADC11_IRQHandler
                0x0000000000000794                UART2_IRQHandler
                0x0000000000000794                EHCI_IRQHandler
                0x0000000000000794                GPH_IRQHandler
                0x0000000000000794                UART4_IRQHandler
                0x0000000000000794                GPC_IRQHandler
                0x0000000000000794                OHCI_IRQHandler
                0x0000000000000794                Default_Handler
                0x0000000000000794                QSPI1_IRQHandler
                0x0000000000000794                CKFAIL_IRQHandler
                0x0000000000000794                USBOTG20_IRQHandler
                0x0000000000000794                QEI1_IRQHandler
                0x0000000000000794                TMR2_IRQHandler
                0x0000000000000794                SPIM_IRQHandler
                0x0000000000000794                ECAP0_IRQHandler
                0x0000000000000794                QEI0_IRQHandler
                0x0000000000000794                BPWM0_IRQHandler
                0x0000000000000794                BOD_IRQHandler
                0x0000000000000794                SPI2_IRQHandler
                0x0000000000000794                MemManage_Handler
                0x0000000000000794                WDT_IRQHandler
                0x0000000000000794                SVC_Handler
                0x0000000000000794                USBOTG_IRQHandler
                0x0000000000000794                OPA0_IRQHandler
                0x0000000000000794                EINT4_IRQHandler
                0x0000000000000794                USBD20_IRQHandler
                0x0000000000000794                PDMA_IRQHandler
                0x0000000000000794                SC1_IRQHandler
                0x0000000000000794                RAMPE_IRQHandler
                0x0000000000000794                EPWM0P0_IRQHandler
                0x0000000000000794                EINT0_IRQHandler
                0x0000000000000794                EINT5_IRQHandler
                0x0000000000000794                CRYPTO_IRQHandler
                0x0000000000000794                GPG_IRQHandler
                0x0000000000000794                CAN0_IRQHandler
                0x0000000000000794                TMR3_IRQHandler
                0x0000000000000794                DAC_IRQHandler
                0x0000000000000794                EMAC_TX_IRQHandler
                0x0000000000000794                SPI0_IRQHandler
                0x0000000000000794                GPD_IRQHandler
                0x0000000000000794                UART7_IRQHandler
                0x0000000000000794                UART6_IRQHandler
                0x0000000000000794                CCAP_IRQHandler
                0x0000000000000794                ECAP1_IRQHandler
                0x0000000000000794                CAN2_IRQHandler
                0x0000000000000794                GPF_IRQHandler
                0x0000000000000794                BusFault_Handler
                0x0000000000000794                SPI3_IRQHandler
                0x0000000000000794                UART3_IRQHandler
                0x0000000000000794                TMR1_IRQHandler
                0x0000000000000794                TRNG_IRQHandler
                0x0000000000000794                WWDT_IRQHandler
                0x0000000000000794                EADC00_IRQHandler
 .text.__errno  0x0000000000000798        0xc /home/danchouzhou/gcc-arm-none-eabi-10.3-2021.07/bin/../lib/gcc/arm-none-eabi/10.3.1/../../../../arm-none-eabi/lib/thumb/v7e-m/nofp/libc_nano.a(lib_a-errno.o)
                0x0000000000000798                __errno
 .text.memset   0x00000000000007a4       0x10 /home/danchouzhou/gcc-arm-none-eabi-10.3-2021.07/bin/../lib/gcc/arm-none-eabi/10.3.1/../../../../arm-none-eabi/lib/thumb/v7e-m/nofp/libc_nano.a(lib_a-memset.o)
                0x00000000000007a4                memset
 .text.printf   0x00000000000007b4       0x30 /home/danchouzhou/gcc-arm-none-eabi-10.3-2021.07/bin/../lib/gcc/arm-none-eabi/10.3.1/../../../../arm-none-eabi/lib/thumb/v7e-m/nofp/libc_nano.a(lib_a-printf.o)
                0x00000000000007b4                printf
                0x00000000000007b4                iprintf
 .text.std      0x00000000000007e4       0x48 /home/danchouzhou/gcc-arm-none-eabi-10.3-2021.07/bin/../lib/gcc/arm-none-eabi/10.3.1/../../../../arm-none-eabi/lib/thumb/v7e-m/nofp/libc_nano.a(lib_a-findfp.o)
 .text._cleanup_r
                0x000000000000082c        0xc /home/danchouzhou/gcc-arm-none-eabi-10.3-2021.07/bin/../lib/gcc/arm-none-eabi/10.3.1/../../../../arm-none-eabi/lib/thumb/v7e-m/nofp/libc_nano.a(lib_a-findfp.o)
                0x000000000000082c                _cleanup_r
 .text.__sfmoreglue
                0x0000000000000838       0x2c /home/danchouzhou/gcc-arm-none-eabi-10.3-2021.07/bin/../lib/gcc/arm-none-eabi/10.3.1/../../../../arm-none-eabi/lib/thumb/v7e-m/nofp/libc_nano.a(lib_a-findfp.o)
                0x0000000000000838                __sfmoreglue
 .text.__sfp_lock_acquire
                0x0000000000000864        0xc /home/danchouzhou/gcc-arm-none-eabi-10.3-2021.07/bin/../lib/gcc/arm-none-eabi/10.3.1/../../../../arm-none-eabi/lib/thumb/v7e-m/nofp/libc_nano.a(lib_a-findfp.o)
                0x0000000000000864                __sfp_lock_acquire
 .text.__sfp_lock_release
                0x0000000000000870        0xc /home/danchouzhou/gcc-arm-none-eabi-10.3-2021.07/bin/../lib/gcc/arm-none-eabi/10.3.1/../../../../arm-none-eabi/lib/thumb/v7e-m/nofp/libc_nano.a(lib_a-findfp.o)
                0x0000000000000870                __sfp_lock_release
 .text.__sinit_lock_acquire
                0x000000000000087c        0xc /home/danchouzhou/gcc-arm-none-eabi-10.3-2021.07/bin/../lib/gcc/arm-none-eabi/10.3.1/../../../../arm-none-eabi/lib/thumb/v7e-m/nofp/libc_nano.a(lib_a-findfp.o)
                0x000000000000087c                __sinit_lock_acquire
 .text.__sinit_lock_release
                0x0000000000000888        0xc /home/danchouzhou/gcc-arm-none-eabi-10.3-2021.07/bin/../lib/gcc/arm-none-eabi/10.3.1/../../../../arm-none-eabi/lib/thumb/v7e-m/nofp/libc_nano.a(lib_a-findfp.o)
                0x0000000000000888                __sinit_lock_release
 .text.__sinit  0x0000000000000894       0x70 /home/danchouzhou/gcc-arm-none-eabi-10.3-2021.07/bin/../lib/gcc/arm-none-eabi/10.3.1/../../../../arm-none-eabi/lib/thumb/v7e-m/nofp/libc_nano.a(lib_a-findfp.o)
                0x0000000000000894                __sinit
 .text.__sfp    0x0000000000000904       0x8c /home/danchouzhou/gcc-arm-none-eabi-10.3-2021.07/bin/../lib/gcc/arm-none-eabi/10.3.1/../../../../arm-none-eabi/lib/thumb/v7e-m/nofp/libc_nano.a(lib_a-findfp.o)
                0x0000000000000904                __sfp
 .text._fwalk_reent
                0x0000000000000990       0x3e /home/danchouzhou/gcc-arm-none-eabi-10.3-2021.07/bin/../lib/gcc/arm-none-eabi/10.3.1/../../../../arm-none-eabi/lib/thumb/v7e-m/nofp/libc_nano.a(lib_a-fwalk.o)
                0x0000000000000990                _fwalk_reent
 .text.__retarget_lock_init_recursive
                0x00000000000009ce        0x2 /home/danchouzhou/gcc-arm-none-eabi-10.3-2021.07/bin/../lib/gcc/arm-none-eabi/10.3.1/../../../../arm-none-eabi/lib/thumb/v7e-m/nofp/libc_nano.a(lib_a-lock.o)
                0x00000000000009ce                __retarget_lock_init_recursive
 .text.__retarget_lock_acquire_recursive
                0x00000000000009d0        0x2 /home/danchouzhou/gcc-arm-none-eabi-10.3-2021.07/bin/../lib/gcc/arm-none-eabi/10.3.1/../../../../arm-none-eabi/lib/thumb/v7e-m/nofp/libc_nano.a(lib_a-lock.o)
                0x00000000000009d0                __retarget_lock_acquire_recursive
 .text.__retarget_lock_release_recursive
                0x00000000000009d2        0x2 /home/danchouzhou/gcc-arm-none-eabi-10.3-2021.07/bin/../lib/gcc/arm-none-eabi/10.3.1/../../../../arm-none-eabi/lib/thumb/v7e-m/nofp/libc_nano.a(lib_a-lock.o)
                0x00000000000009d2                __retarget_lock_release_recursive
 .text.sbrk_aligned
                0x00000000000009d4       0x40 /home/danchouzhou/gcc-arm-none-eabi-10.3-2021.07/bin/../lib/gcc/arm-none-eabi/10.3.1/../../../../arm-none-eabi/lib/thumb/v7e-m/nofp/libc_nano.a(lib_a-nano-mallocr.o)
 .text._malloc_r
                0x0000000000000a14       0xe8 /home/danchouzhou/gcc-arm-none-eabi-10.3-2021.07/bin/../lib/gcc/arm-none-eabi/10.3.1/../../../../arm-none-eabi/lib/thumb/v7e-m/nofp/libc_nano.a(lib_a-nano-mallocr.o)
                0x0000000000000a14                _malloc_r
 .text.__sfputc_r
                0x0000000000000afc       0x2a /home/danchouzhou/gcc-arm-none-eabi-10.3-2021.07/bin/../lib/gcc/arm-none-eabi/10.3.1/../../../../arm-none-eabi/lib/thumb/v7e-m/nofp/libc_nano.a(lib_a-nano-vfprintf.o)
 .text.__sfputs_r
                0x0000000000000b26       0x24 /home/danchouzhou/gcc-arm-none-eabi-10.3-2021.07/bin/../lib/gcc/arm-none-eabi/10.3.1/../../../../arm-none-eabi/lib/thumb/v7e-m/nofp/libc_nano.a(lib_a-nano-vfprintf.o)
                0x0000000000000b26                __sfputs_r
 *fill*         0x0000000000000b4a        0x2 
 .text._vfprintf_r
                0x0000000000000b4c      0x260 /home/danchouzhou/gcc-arm-none-eabi-10.3-2021.07/bin/../lib/gcc/arm-none-eabi/10.3.1/../../../../arm-none-eabi/lib/thumb/v7e-m/nofp/libc_nano.a(lib_a-nano-vfprintf.o)
                0x0000000000000b4c                _vfiprintf_r
                0x0000000000000b4c                _vfprintf_r
 .text._printf_common
                0x0000000000000dac       0xda /home/danchouzhou/gcc-arm-none-eabi-10.3-2021.07/bin/../lib/gcc/arm-none-eabi/10.3.1/../../../../arm-none-eabi/lib/thumb/v7e-m/nofp/libc_nano.a(lib_a-nano-vfprintf_i.o)
                0x0000000000000dac                _printf_common
 *fill*         0x0000000000000e86        0x2 
 .text._printf_i
                0x0000000000000e88      0x24c /home/danchouzhou/gcc-arm-none-eabi-10.3-2021.07/bin/../lib/gcc/arm-none-eabi/10.3.1/../../../../arm-none-eabi/lib/thumb/v7e-m/nofp/libc_nano.a(lib_a-nano-vfprintf_i.o)
                0x0000000000000e88                _printf_i
 .text._sbrk_r  0x00000000000010d4       0x20 /home/danchouzhou/gcc-arm-none-eabi-10.3-2021.07/bin/../lib/gcc/arm-none-eabi/10.3.1/../../../../arm-none-eabi/lib/thumb/v7e-m/nofp/libc_nano.a(lib_a-sbrkr.o)
                0x00000000000010d4                _sbrk_r
 .text.__sread  0x00000000000010f4       0x22 /home/danchouzhou/gcc-arm-none-eabi-10.3-2021.07/bin/../lib/gcc/arm-none-eabi/10.3.1/../../../../arm-none-eabi/lib/thumb/v7e-m/nofp/libc_nano.a(lib_a-stdio.o)
                0x00000000000010f4                __sread
 .text.__swrite
                0x0000000000001116       0x38 /home/danchouzhou/gcc-arm-none-eabi-10.3-2021.07/bin/../lib/gcc/arm-none-eabi/10.3.1/../../../../arm-none-eabi/lib/thumb/v7e-m/nofp/libc_nano.a(lib_a-stdio.o)
                0x0000000000001116                __swrite
 .text.__sseek  0x000000000000114e       0x24 /home/danchouzhou/gcc-arm-none-eabi-10.3-2021.07/bin/../lib/gcc/arm-none-eabi/10.3.1/../../../../arm-none-eabi/lib/thumb/v7e-m/nofp/libc_nano.a(lib_a-stdio.o)
                0x000000000000114e                __sseek
 .text.__sclose
                0x0000000000001172        0x8 /home/danchouzhou/gcc-arm-none-eabi-10.3-2021.07/bin/../lib/gcc/arm-none-eabi/10.3.1/../../../../arm-none-eabi/lib/thumb/v7e-m/nofp/libc_nano.a(lib_a-stdio.o)
                0x0000000000001172                __sclose
 *fill*         0x000000000000117a        0x2 
 .text.__swbuf_r
                0x000000000000117c       0xa4 /home/danchouzhou/gcc-arm-none-eabi-10.3-2021.07/bin/../lib/gcc/arm-none-eabi/10.3.1/../../../../arm-none-eabi/lib/thumb/v7e-m/nofp/libc_nano.a(lib_a-wbuf.o)
                0x000000000000117c                __swbuf_r
 .text._write_r
                0x0000000000001220       0x24 /home/danchouzhou/gcc-arm-none-eabi-10.3-2021.07/bin/../lib/gcc/arm-none-eabi/10.3.1/../../../../arm-none-eabi/lib/thumb/v7e-m/nofp/libc_nano.a(lib_a-writer.o)
                0x0000000000001220                _write_r
 .text.__swsetup_r
                0x0000000000001244       0xdc /home/danchouzhou/gcc-arm-none-eabi-10.3-2021.07/bin/../lib/gcc/arm-none-eabi/10.3.1/../../../../arm-none-eabi/lib/thumb/v7e-m/nofp/libc_nano.a(lib_a-wsetup.o)
                0x0000000000001244                __swsetup_r
 .text._close_r
                0x0000000000001320       0x20 /home/danchouzhou/gcc-arm-none-eabi-10.3-2021.07/bin/../lib/gcc/arm-none-eabi/10.3.1/../../../../arm-none-eabi/lib/thumb/v7e-m/nofp/libc_nano.a(lib_a-closer.o)
                0x0000000000001320                _close_r
 .text.__sflush_r
                0x0000000000001340      0x104 /home/danchouzhou/gcc-arm-none-eabi-10.3-2021.07/bin/../lib/gcc/arm-none-eabi/10.3.1/../../../../arm-none-eabi/lib/thumb/v7e-m/nofp/libc_nano.a(lib_a-fflush.o)
                0x0000000000001340                __sflush_r
 .text._fflush_r
                0x0000000000001444       0x78 /home/danchouzhou/gcc-arm-none-eabi-10.3-2021.07/bin/../lib/gcc/arm-none-eabi/10.3.1/../../../../arm-none-eabi/lib/thumb/v7e-m/nofp/libc_nano.a(lib_a-fflush.o)
                0x0000000000001444                _fflush_r
 .text._lseek_r
                0x00000000000014bc       0x24 /home/danchouzhou/gcc-arm-none-eabi-10.3-2021.07/bin/../lib/gcc/arm-none-eabi/10.3.1/../../../../arm-none-eabi/lib/thumb/v7e-m/nofp/libc_nano.a(lib_a-lseekr.o)
                0x00000000000014bc                _lseek_r
 .text.__swhatbuf_r
                0x00000000000014e0       0x4a /home/danchouzhou/gcc-arm-none-eabi-10.3-2021.07/bin/../lib/gcc/arm-none-eabi/10.3.1/../../../../arm-none-eabi/lib/thumb/v7e-m/nofp/libc_nano.a(lib_a-makebuf.o)
                0x00000000000014e0                __swhatbuf_r
 *fill*         0x000000000000152a        0x2 
 .text.__smakebuf_r
                0x000000000000152c       0x80 /home/danchouzhou/gcc-arm-none-eabi-10.3-2021.07/bin/../lib/gcc/arm-none-eabi/10.3.1/../../../../arm-none-eabi/lib/thumb/v7e-m/nofp/libc_nano.a(lib_a-makebuf.o)
                0x000000000000152c                __smakebuf_r
 *fill*         0x00000000000015ac        0x4 
 .text          0x00000000000015b0       0xa0 /home/danchouzhou/gcc-arm-none-eabi-10.3-2021.07/bin/../lib/gcc/arm-none-eabi/10.3.1/../../../../arm-none-eabi/lib/thumb/v7e-m/nofp/libc_nano.a(lib_a-memchr.o)
                0x00000000000015b0                memchr
 .text.__malloc_lock
                0x0000000000001650        0xc /home/danchouzhou/gcc-arm-none-eabi-10.3-2021.07/bin/../lib/gcc/arm-none-eabi/10.3.1/../../../../arm-none-eabi/lib/thumb/v7e-m/nofp/libc_nano.a(lib_a-mlock.o)
                0x0000000000001650                __malloc_lock
 .text.__malloc_unlock
                0x000000000000165c        0xc /home/danchouzhou/gcc-arm-none-eabi-10.3-2021.07/bin/../lib/gcc/arm-none-eabi/10.3.1/../../../../arm-none-eabi/lib/thumb/v7e-m/nofp/libc_nano.a(lib_a-mlock.o)
                0x000000000000165c                __malloc_unlock
 .text._free_r  0x0000000000001668       0x94 /home/danchouzhou/gcc-arm-none-eabi-10.3-2021.07/bin/../lib/gcc/arm-none-eabi/10.3.1/../../../../arm-none-eabi/lib/thumb/v7e-m/nofp/libc_nano.a(lib_a-nano-freer.o)
                0x0000000000001668                _free_r
 .text._read_r  0x00000000000016fc       0x24 /home/danchouzhou/gcc-arm-none-eabi-10.3-2021.07/bin/../lib/gcc/arm-none-eabi/10.3.1/../../../../arm-none-eabi/lib/thumb/v7e-m/nofp/libc_nano.a(lib_a-readr.o)
                0x00000000000016fc                _read_r
 .text._fstat_r
                0x0000000000001720       0x24 /home/danchouzhou/gcc-arm-none-eabi-10.3-2021.07/bin/../lib/gcc/arm-none-eabi/10.3.1/../../../../arm-none-eabi/lib/thumb/v7e-m/nofp/libc_nano.a(lib_a-fstatr.o)
                0x0000000000001720                _fstat_r
 .text._isatty_r
                0x0000000000001744       0x20 /home/danchouzhou/gcc-arm-none-eabi-10.3-2021.07/bin/../lib/gcc/arm-none-eabi/10.3.1/../../../../arm-none-eabi/lib/thumb/v7e-m/nofp/libc_nano.a(lib_a-isattyr.o)
                0x0000000000001744                _isatty_r
 .text._sbrk    0x0000000000001764       0x1c /home/danchouzhou/gcc-arm-none-eabi-10.3-2021.07/bin/../lib/gcc/arm-none-eabi/10.3.1/../../../../arm-none-eabi/lib/thumb/v7e-m/nofp/libnosys.a(sbrk.o)
                0x0000000000001764                _sbrk
 *(.init)
 .init          0x0000000000001780        0x4 /home/danchouzhou/gcc-arm-none-eabi-10.3-2021.07/bin/../lib/gcc/arm-none-eabi/10.3.1/thumb/v7e-m/nofp/crti.o
                0x0000000000001780                _init
 .init          0x0000000000001784        0x8 /home/danchouzhou/gcc-arm-none-eabi-10.3-2021.07/bin/../lib/gcc/arm-none-eabi/10.3.1/thumb/v7e-m/nofp/crtn.o
 *(.fini)
 .fini          0x000000000000178c        0x4 /home/danchouzhou/gcc-arm-none-eabi-10.3-2021.07/bin/../lib/gcc/arm-none-eabi/10.3.1/thumb/v7e-m/nofp/crti.o
                0x000000000000178c                _fini
 .fini          0x0000000000001790        0x8 /home/danchouzhou/gcc-arm-none-eabi-10.3-2021.07/bin/../lib/gcc/arm-none-eabi/10.3.1/thumb/v7e-m/nofp/crtn.o
 *crtbegin.o(.ctors)
 *crtbegin?.o(.ctors)
 *(EXCLUDE_FILE(*crtend.o *crtend?.o) .ctors)
 *(SORT_BY_NAME(.ctors.*))
 *(.ctors)
 *crtbegin.o(.dtors)
 *crtbegin?.o(.dtors)
 *(EXCLUDE_FILE(*crtend.o *crtend?.o) .dtors)
 *(SORT_BY_NAME(.dtors.*))
 *(.dtors)
 *(.rodata*)
 .rodata.Hard_Fault_Handler.str1.1
                0x0000000000001798       0x77 /tmp/HelloWorld.axf.I7qttn.ltrans0.ltrans.o
 .rodata.main.str1.1
                0x000000000000180f        0xd /tmp/HelloWorld.axf.I7qttn.ltrans0.ltrans.o
 .rodata        0x000000000000181c       0x10 /tmp/HelloWorld.axf.I7qttn.ltrans0.ltrans.o
 .rodata._global_impure_ptr
                0x000000000000182c        0x4 /home/danchouzhou/gcc-arm-none-eabi-10.3-2021.07/bin/../lib/gcc/arm-none-eabi/10.3.1/../../../../arm-none-eabi/lib/thumb/v7e-m/nofp/libc_nano.a(lib_a-impure.o)
                0x000000000000182c                _global_impure_ptr
 .rodata.__sf_fake_stderr
                0x0000000000001830       0x20 /home/danchouzhou/gcc-arm-none-eabi-10.3-2021.07/bin/../lib/gcc/arm-none-eabi/10.3.1/../../../../arm-none-eabi/lib/thumb/v7e-m/nofp/libc_nano.a(lib_a-findfp.o)
                0x0000000000001830                __sf_fake_stderr
 .rodata.__sf_fake_stdin
                0x0000000000001850       0x20 /home/danchouzhou/gcc-arm-none-eabi-10.3-2021.07/bin/../lib/gcc/arm-none-eabi/10.3.1/../../../../arm-none-eabi/lib/thumb/v7e-m/nofp/libc_nano.a(lib_a-findfp.o)
                0x0000000000001850                __sf_fake_stdin
 .rodata.__sf_fake_stdout
                0x0000000000001870       0x20 /home/danchouzhou/gcc-arm-none-eabi-10.3-2021.07/bin/../lib/gcc/arm-none-eabi/10.3.1/../../../../arm-none-eabi/lib/thumb/v7e-m/nofp/libc_nano.a(lib_a-findfp.o)
                0x0000000000001870                __sf_fake_stdout
 .rodata._vfprintf_r.str1.1
                0x0000000000001890       0x11 /home/danchouzhou/gcc-arm-none-eabi-10.3-2021.07/bin/../lib/gcc/arm-none-eabi/10.3.1/../../../../arm-none-eabi/lib/thumb/v7e-m/nofp/libc_nano.a(lib_a-nano-vfprintf.o)
 .rodata._printf_i.str1.1
                0x00000000000018a1       0x22 /home/danchouzhou/gcc-arm-none-eabi-10.3-2021.07/bin/../lib/gcc/arm-none-eabi/10.3.1/../../../../arm-none-eabi/lib/thumb/v7e-m/nofp/libc_nano.a(lib_a-nano-vfprintf_i.o)
 *(.eh_frame*)
 *fill*         0x00000000000018c3        0x1 
 .eh_frame      0x00000000000018c4        0x0 /home/danchouzhou/gcc-arm-none-eabi-10.3-2021.07/bin/../lib/gcc/arm-none-eabi/10.3.1/thumb/v7e-m/nofp/crtbegin.o
 .eh_frame      0x00000000000018c4        0x4 /home/danchouzhou/gcc-arm-none-eabi-10.3-2021.07/bin/../lib/gcc/arm-none-eabi/10.3.1/thumb/v7e-m/nofp/crtend.o

.glue_7         0x00000000000018c8        0x0
 .glue_7        0x00000000000018c8        0x0 linker stubs

.glue_7t        0x00000000000018c8        0x0
 .glue_7t       0x00000000000018c8        0x0 linker stubs

.vfp11_veneer   0x00000000000018c8        0x0
 .vfp11_veneer  0x00000000000018c8        0x0 linker stubs

.v4_bx          0x00000000000018c8        0x0
 .v4_bx         0x00000000000018c8        0x0 linker stubs

.iplt           0x00000000000018c8        0x0
 .iplt          0x00000000000018c8        0x0 /home/danchouzhou/gcc-arm-none-eabi-10.3-2021.07/bin/../lib/gcc/arm-none-eabi/10.3.1/thumb/v7e-m/nofp/crtbegin.o

.rel.dyn        0x00000000000018c8        0x0
 .rel.iplt      0x00000000000018c8        0x0 /home/danchouzhou/gcc-arm-none-eabi-10.3-2021.07/bin/../lib/gcc/arm-none-eabi/10.3.1/thumb/v7e-m/nofp/crtbegin.o

.ARM.extab
 *(.ARM.extab* .gnu.linkonce.armextab.*)
                0x00000000000018c8                __exidx_start = .

.ARM.exidx
 *(.ARM.exidx* .gnu.linkonce.armexidx.*)
                0x00000000000018c8                __exidx_end = .
                0x00000000000018c8                __etext = .

.data           0x0000000020000000       0x6c load address 0x00000000000018c8
                0x0000000020000000                __data_start__ = .
 *(vtable)
 *(.data*)
 .data._impure_ptr
                0x0000000020000000        0x4 /home/danchouzhou/gcc-arm-none-eabi-10.3-2021.07/bin/../lib/gcc/arm-none-eabi/10.3.1/../../../../arm-none-eabi/lib/thumb/v7e-m/nofp/libc_nano.a(lib_a-impure.o)
                0x0000000020000000                _impure_ptr
 .data.impure_data
                0x0000000020000004       0x60 /home/danchouzhou/gcc-arm-none-eabi-10.3-2021.07/bin/../lib/gcc/arm-none-eabi/10.3.1/../../../../arm-none-eabi/lib/thumb/v7e-m/nofp/libc_nano.a(lib_a-impure.o)
                0x0000000020000064                . = ALIGN (0x4)
                0x0000000020000064                PROVIDE (__preinit_array_start = .)
 *(.preinit_array)
                0x0000000020000064                PROVIDE (__preinit_array_end = .)
                0x0000000020000064                . = ALIGN (0x4)
                0x0000000020000064                PROVIDE (__init_array_start = .)
 *(SORT_BY_NAME(.init_array.*))
 *(.init_array)
 .init_array    0x0000000020000064        0x4 /home/danchouzhou/gcc-arm-none-eabi-10.3-2021.07/bin/../lib/gcc/arm-none-eabi/10.3.1/thumb/v7e-m/nofp/crtbegin.o
                0x0000000020000068                PROVIDE (__init_array_end = .)
                0x0000000020000068                . = ALIGN (0x4)
                [!provide]                        PROVIDE (__fini_array_start = .)
 *(SORT_BY_NAME(.fini_array.*))
 *(.fini_array)
 .fini_array    0x0000000020000068        0x4 /home/danchouzhou/gcc-arm-none-eabi-10.3-2021.07/bin/../lib/gcc/arm-none-eabi/10.3.1/thumb/v7e-m/nofp/crtbegin.o
                [!provide]                        PROVIDE (__fini_array_end = .)
 *(.jcr*)
                0x000000002000006c                . = ALIGN (0x4)
                0x000000002000006c                __data_end__ = .

.igot.plt       0x000000002000006c        0x0 load address 0x0000000000001934
 .igot.plt      0x000000002000006c        0x0 /home/danchouzhou/gcc-arm-none-eabi-10.3-2021.07/bin/../lib/gcc/arm-none-eabi/10.3.1/thumb/v7e-m/nofp/crtbegin.o

.bss            0x000000002000006c       0x30 load address 0x0000000000001934
                0x000000002000006c                . = ALIGN (0x4)
                0x000000002000006c                __bss_start__ = .
 *(.bss*)
 .bss           0x000000002000006c       0x1c /home/danchouzhou/gcc-arm-none-eabi-10.3-2021.07/bin/../lib/gcc/arm-none-eabi/10.3.1/thumb/v7e-m/nofp/crtbegin.o
 .bss.errno     0x0000000020000088        0x4 /tmp/HelloWorld.axf.I7qttn.ltrans0.ltrans.o
                0x0000000020000088                errno
 .bss.__lock___malloc_recursive_mutex
                0x000000002000008c        0x1 /home/danchouzhou/gcc-arm-none-eabi-10.3-2021.07/bin/../lib/gcc/arm-none-eabi/10.3.1/../../../../arm-none-eabi/lib/thumb/v7e-m/nofp/libc_nano.a(lib_a-lock.o)
                0x000000002000008c                __lock___malloc_recursive_mutex
 .bss.__lock___sfp_recursive_mutex
                0x000000002000008d        0x1 /home/danchouzhou/gcc-arm-none-eabi-10.3-2021.07/bin/../lib/gcc/arm-none-eabi/10.3.1/../../../../arm-none-eabi/lib/thumb/v7e-m/nofp/libc_nano.a(lib_a-lock.o)
                0x000000002000008d                __lock___sfp_recursive_mutex
 .bss.__lock___sinit_recursive_mutex
                0x000000002000008e        0x1 /home/danchouzhou/gcc-arm-none-eabi-10.3-2021.07/bin/../lib/gcc/arm-none-eabi/10.3.1/../../../../arm-none-eabi/lib/thumb/v7e-m/nofp/libc_nano.a(lib_a-lock.o)
                0x000000002000008e                __lock___sinit_recursive_mutex
 *fill*         0x000000002000008f        0x1 
 .bss.__malloc_free_list
                0x0000000020000090        0x4 /home/danchouzhou/gcc-arm-none-eabi-10.3-2021.07/bin/../lib/gcc/arm-none-eabi/10.3.1/../../../../arm-none-eabi/lib/thumb/v7e-m/nofp/libc_nano.a(lib_a-nano-mallocr.o)
                0x0000000020000090                __malloc_free_list
 .bss.__malloc_sbrk_start
                0x0000000020000094        0x4 /home/danchouzhou/gcc-arm-none-eabi-10.3-2021.07/bin/../lib/gcc/arm-none-eabi/10.3.1/../../../../arm-none-eabi/lib/thumb/v7e-m/nofp/libc_nano.a(lib_a-nano-mallocr.o)
                0x0000000020000094                __malloc_sbrk_start
 .bss.heap_end.0
                0x0000000020000098        0x4 /home/danchouzhou/gcc-arm-none-eabi-10.3-2021.07/bin/../lib/gcc/arm-none-eabi/10.3.1/../../../../arm-none-eabi/lib/thumb/v7e-m/nofp/libnosys.a(sbrk.o)
 *(COMMON)
                0x000000002000009c                . = ALIGN (0x4)
                0x000000002000009c                __bss_end__ = .

.heap           0x00000000200000a0      0x100
                0x00000000200000a0                __HeapBase = .
                0x00000000200000a0                __end__ = .
                0x00000000200000a0                end = __end__
 *(.heap*)
 .heap          0x00000000200000a0      0x100 /tmp/ccEwclGZ.o
                0x00000000200001a0                __HeapLimit = .

.stack_dummy    0x00000000200000a0      0x800
 *(.stack*)
 .stack         0x00000000200000a0      0x800 /tmp/ccEwclGZ.o
                0x0000000020020000                __StackTop = (ORIGIN (RAM) + LENGTH (RAM))
                0x000000002001f800                __StackLimit = (__StackTop - SIZEOF (.stack_dummy))
                0x0000000020020000                PROVIDE (__stack = __StackTop)
                0x0000000000000001                ASSERT ((__StackLimit >= __HeapLimit), region RAM overflowed with stack)
OUTPUT(HelloWorld.axf elf32-littlearm)
LOAD linker stubs

.ARM.attributes
                0x0000000000000000       0x2a
 .ARM.attributes
                0x0000000000000000       0x1e /home/danchouzhou/gcc-arm-none-eabi-10.3-2021.07/bin/../lib/gcc/arm-none-eabi/10.3.1/thumb/v7e-m/nofp/crti.o
 .ARM.attributes
                0x000000000000001e       0x2e /home/danchouzhou/gcc-arm-none-eabi-10.3-2021.07/bin/../lib/gcc/arm-none-eabi/10.3.1/thumb/v7e-m/nofp/crtbegin.o
 .ARM.attributes
                0x000000000000004c       0x2c /tmp/HelloWorld.axf.I7qttn.ltrans0.ltrans.o
 .ARM.attributes
                0x0000000000000078       0x1b /tmp/ccEwclGZ.o
 .ARM.attributes
                0x0000000000000093       0x2e /home/danchouzhou/gcc-arm-none-eabi-10.3-2021.07/bin/../lib/gcc/arm-none-eabi/10.3.1/../../../../arm-none-eabi/lib/thumb/v7e-m/nofp/libc_nano.a(lib_a-errno.o)
 .ARM.attributes
                0x00000000000000c1       0x2e /home/danchouzhou/gcc-arm-none-eabi-10.3-2021.07/bin/../lib/gcc/arm-none-eabi/10.3.1/../../../../arm-none-eabi/lib/thumb/v7e-m/nofp/libc_nano.a(lib_a-impure.o)
 .ARM.attributes
                0x00000000000000ef       0x2e /home/danchouzhou/gcc-arm-none-eabi-10.3-2021.07/bin/../lib/gcc/arm-none-eabi/10.3.1/../../../../arm-none-eabi/lib/thumb/v7e-m/nofp/libc_nano.a(lib_a-memset.o)
 .ARM.attributes
                0x000000000000011d       0x2e /home/danchouzhou/gcc-arm-none-eabi-10.3-2021.07/bin/../lib/gcc/arm-none-eabi/10.3.1/../../../../arm-none-eabi/lib/thumb/v7e-m/nofp/libc_nano.a(lib_a-printf.o)
 .ARM.attributes
                0x000000000000014b       0x2e /home/danchouzhou/gcc-arm-none-eabi-10.3-2021.07/bin/../lib/gcc/arm-none-eabi/10.3.1/../../../../arm-none-eabi/lib/thumb/v7e-m/nofp/libc_nano.a(lib_a-findfp.o)
 .ARM.attributes
                0x0000000000000179       0x2e /home/danchouzhou/gcc-arm-none-eabi-10.3-2021.07/bin/../lib/gcc/arm-none-eabi/10.3.1/../../../../arm-none-eabi/lib/thumb/v7e-m/nofp/libc_nano.a(lib_a-fwalk.o)
 .ARM.attributes
                0x00000000000001a7       0x2e /home/danchouzhou/gcc-arm-none-eabi-10.3-2021.07/bin/../lib/gcc/arm-none-eabi/10.3.1/../../../../arm-none-eabi/lib/thumb/v7e-m/nofp/libc_nano.a(lib_a-lock.o)
 .ARM.attributes
                0x00000000000001d5       0x2e /home/danchouzhou/gcc-arm-none-eabi-10.3-2021.07/bin/../lib/gcc/arm-none-eabi/10.3.1/../../../../arm-none-eabi/lib/thumb/v7e-m/nofp/libc_nano.a(lib_a-nano-mallocr.o)
 .ARM.attributes
                0x0000000000000203       0x2e /home/danchouzhou/gcc-arm-none-eabi-10.3-2021.07/bin/../lib/gcc/arm-none-eabi/10.3.1/../../../../arm-none-eabi/lib/thumb/v7e-m/nofp/libc_nano.a(lib_a-nano-vfprintf.o)
 .ARM.attributes
                0x0000000000000231       0x2e /home/danchouzhou/gcc-arm-none-eabi-10.3-2021.07/bin/../lib/gcc/arm-none-eabi/10.3.1/../../../../arm-none-eabi/lib/thumb/v7e-m/nofp/libc_nano.a(lib_a-nano-vfprintf_i.o)
 .ARM.attributes
                0x000000000000025f       0x2e /home/danchouzhou/gcc-arm-none-eabi-10.3-2021.07/bin/../lib/gcc/arm-none-eabi/10.3.1/../../../../arm-none-eabi/lib/thumb/v7e-m/nofp/libc_nano.a(lib_a-sbrkr.o)
 .ARM.attributes
                0x000000000000028d       0x2e /home/danchouzhou/gcc-arm-none-eabi-10.3-2021.07/bin/../lib/gcc/arm-none-eabi/10.3.1/../../../../arm-none-eabi/lib/thumb/v7e-m/nofp/libc_nano.a(lib_a-stdio.o)
 .ARM.attributes
                0x00000000000002bb       0x2e /home/danchouzhou/gcc-arm-none-eabi-10.3-2021.07/bin/../lib/gcc/arm-none-eabi/10.3.1/../../../../arm-none-eabi/lib/thumb/v7e-m/nofp/libc_nano.a(lib_a-wbuf.o)
 .ARM.attributes
                0x00000000000002e9       0x2e /home/danchouzhou/gcc-arm-none-eabi-10.3-2021.07/bin/../lib/gcc/arm-none-eabi/10.3.1/../../../../arm-none-eabi/lib/thumb/v7e-m/nofp/libc_nano.a(lib_a-writer.o)
 .ARM.attributes
                0x0000000000000317       0x2e /home/danchouzhou/gcc-arm-none-eabi-10.3-2021.07/bin/../lib/gcc/arm-none-eabi/10.3.1/../../../../arm-none-eabi/lib/thumb/v7e-m/nofp/libc_nano.a(lib_a-wsetup.o)
 .ARM.attributes
                0x0000000000000345       0x2e /home/danchouzhou/gcc-arm-none-eabi-10.3-2021.07/bin/../lib/gcc/arm-none-eabi/10.3.1/../../../../arm-none-eabi/lib/thumb/v7e-m/nofp/libc_nano.a(lib_a-closer.o)
 .ARM.attributes
                0x0000000000000373       0x2e /home/danchouzhou/gcc-arm-none-eabi-10.3-2021.07/bin/../lib/gcc/arm-none-eabi/10.3.1/../../../../arm-none-eabi/lib/thumb/v7e-m/nofp/libc_nano.a(lib_a-fflush.o)
 .ARM.attributes
                0x00000000000003a1       0x2e /home/danchouzhou/gcc-arm-none-eabi-10.3-2021.07/bin/../lib/gcc/arm-none-eabi/10.3.1/../../../../arm-none-eabi/lib/thumb/v7e-m/nofp/libc_nano.a(lib_a-lseekr.o)
 .ARM.attributes
                0x00000000000003cf       0x2e /home/danchouzhou/gcc-arm-none-eabi-10.3-2021.07/bin/../lib/gcc/arm-none-eabi/10.3.1/../../../../arm-none-eabi/lib/thumb/v7e-m/nofp/libc_nano.a(lib_a-makebuf.o)
 .ARM.attributes
                0x00000000000003fd       0x1c /home/danchouzhou/gcc-arm-none-eabi-10.3-2021.07/bin/../lib/gcc/arm-none-eabi/10.3.1/../../../../arm-none-eabi/lib/thumb/v7e-m/nofp/libc_nano.a(lib_a-memchr.o)
 .ARM.attributes
                0x0000000000000419       0x2e /home/danchouzhou/gcc-arm-none-eabi-10.3-2021.07/bin/../lib/gcc/arm-none-eabi/10.3.1/../../../../arm-none-eabi/lib/thumb/v7e-m/nofp/libc_nano.a(lib_a-mlock.o)
 .ARM.attributes
                0x0000000000000447       0x2e /home/danchouzhou/gcc-arm-none-eabi-10.3-2021.07/bin/../lib/gcc/arm-none-eabi/10.3.1/../../../../arm-none-eabi/lib/thumb/v7e-m/nofp/libc_nano.a(lib_a-nano-freer.o)
 .ARM.attributes
                0x0000000000000475       0x2e /home/danchouzhou/gcc-arm-none-eabi-10.3-2021.07/bin/../lib/gcc/arm-none-eabi/10.3.1/../../../../arm-none-eabi/lib/thumb/v7e-m/nofp/libc_nano.a(lib_a-readr.o)
 .ARM.attributes
                0x00000000000004a3       0x2e /home/danchouzhou/gcc-arm-none-eabi-10.3-2021.07/bin/../lib/gcc/arm-none-eabi/10.3.1/../../../../arm-none-eabi/lib/thumb/v7e-m/nofp/libc_nano.a(lib_a-fstatr.o)
 .ARM.attributes
                0x00000000000004d1       0x2e /home/danchouzhou/gcc-arm-none-eabi-10.3-2021.07/bin/../lib/gcc/arm-none-eabi/10.3.1/../../../../arm-none-eabi/lib/thumb/v7e-m/nofp/libc_nano.a(lib_a-isattyr.o)
 .ARM.attributes
                0x00000000000004ff       0x2e /home/danchouzhou/gcc-arm-none-eabi-10.3-2021.07/bin/../lib/gcc/arm-none-eabi/10.3.1/../../../../arm-none-eabi/lib/thumb/v7e-m/nofp/libnosys.a(sbrk.o)
 .ARM.attributes
                0x000000000000052d       0x2e /home/danchouzhou/gcc-arm-none-eabi-10.3-2021.07/bin/../lib/gcc/arm-none-eabi/10.3.1/thumb/v7e-m/nofp/crtend.o
 .ARM.attributes
                0x000000000000055b       0x1e /home/danchouzhou/gcc-arm-none-eabi-10.3-2021.07/bin/../lib/gcc/arm-none-eabi/10.3.1/thumb/v7e-m/nofp/crtn.o

.comment        0x0000000000000000       0x49
 .comment       0x0000000000000000       0x49 /tmp/HelloWorld.axf.I7qttn.ltrans0.ltrans.o
                                         0x4a (size before relaxing)

.debug_frame    0x0000000000000000      0x7c0
 .debug_frame   0x0000000000000000       0x20 /home/danchouzhou/gcc-arm-none-eabi-10.3-2021.07/bin/../lib/gcc/arm-none-eabi/10.3.1/../../../../arm-none-eabi/lib/thumb/v7e-m/nofp/libc_nano.a(lib_a-errno.o)
 .debug_frame   0x0000000000000020       0x20 /home/danchouzhou/gcc-arm-none-eabi-10.3-2021.07/bin/../lib/gcc/arm-none-eabi/10.3.1/../../../../arm-none-eabi/lib/thumb/v7e-m/nofp/libc_nano.a(lib_a-memset.o)
 .debug_frame   0x0000000000000040       0x74 /home/danchouzhou/gcc-arm-none-eabi-10.3-2021.07/bin/../lib/gcc/arm-none-eabi/10.3.1/../../../../arm-none-eabi/lib/thumb/v7e-m/nofp/libc_nano.a(lib_a-printf.o)
 .debug_frame   0x00000000000000b4      0x14c /home/danchouzhou/gcc-arm-none-eabi-10.3-2021.07/bin/../lib/gcc/arm-none-eabi/10.3.1/../../../../arm-none-eabi/lib/thumb/v7e-m/nofp/libc_nano.a(lib_a-findfp.o)
 .debug_frame   0x0000000000000200       0x54 /home/danchouzhou/gcc-arm-none-eabi-10.3-2021.07/bin/../lib/gcc/arm-none-eabi/10.3.1/../../../../arm-none-eabi/lib/thumb/v7e-m/nofp/libc_nano.a(lib_a-fwalk.o)
 .debug_frame   0x0000000000000254       0xb0 /home/danchouzhou/gcc-arm-none-eabi-10.3-2021.07/bin/../lib/gcc/arm-none-eabi/10.3.1/../../../../arm-none-eabi/lib/thumb/v7e-m/nofp/libc_nano.a(lib_a-lock.o)
 .debug_frame   0x0000000000000304       0x4c /home/danchouzhou/gcc-arm-none-eabi-10.3-2021.07/bin/../lib/gcc/arm-none-eabi/10.3.1/../../../../arm-none-eabi/lib/thumb/v7e-m/nofp/libc_nano.a(lib_a-nano-mallocr.o)
 .debug_frame   0x0000000000000350       0xac /home/danchouzhou/gcc-arm-none-eabi-10.3-2021.07/bin/../lib/gcc/arm-none-eabi/10.3.1/../../../../arm-none-eabi/lib/thumb/v7e-m/nofp/libc_nano.a(lib_a-nano-vfprintf.o)
 .debug_frame   0x00000000000003fc       0x60 /home/danchouzhou/gcc-arm-none-eabi-10.3-2021.07/bin/../lib/gcc/arm-none-eabi/10.3.1/../../../../arm-none-eabi/lib/thumb/v7e-m/nofp/libc_nano.a(lib_a-nano-vfprintf_i.o)
 .debug_frame   0x000000000000045c       0x2c /home/danchouzhou/gcc-arm-none-eabi-10.3-2021.07/bin/../lib/gcc/arm-none-eabi/10.3.1/../../../../arm-none-eabi/lib/thumb/v7e-m/nofp/libc_nano.a(lib_a-sbrkr.o)
 .debug_frame   0x0000000000000488       0x88 /home/danchouzhou/gcc-arm-none-eabi-10.3-2021.07/bin/../lib/gcc/arm-none-eabi/10.3.1/../../../../arm-none-eabi/lib/thumb/v7e-m/nofp/libc_nano.a(lib_a-stdio.o)
 .debug_frame   0x0000000000000510       0x40 /home/danchouzhou/gcc-arm-none-eabi-10.3-2021.07/bin/../lib/gcc/arm-none-eabi/10.3.1/../../../../arm-none-eabi/lib/thumb/v7e-m/nofp/libc_nano.a(lib_a-wbuf.o)
 .debug_frame   0x0000000000000550       0x2c /home/danchouzhou/gcc-arm-none-eabi-10.3-2021.07/bin/../lib/gcc/arm-none-eabi/10.3.1/../../../../arm-none-eabi/lib/thumb/v7e-m/nofp/libc_nano.a(lib_a-writer.o)
 .debug_frame   0x000000000000057c       0x2c /home/danchouzhou/gcc-arm-none-eabi-10.3-2021.07/bin/../lib/gcc/arm-none-eabi/10.3.1/../../../../arm-none-eabi/lib/thumb/v7e-m/nofp/libc_nano.a(lib_a-wsetup.o)
 .debug_frame   0x00000000000005a8       0x2c /home/danchouzhou/gcc-arm-none-eabi-10.3-2021.07/bin/../lib/gcc/arm-none-eabi/10.3.1/../../../../arm-none-eabi/lib/thumb/v7e-m/nofp/libc_nano.a(lib_a-closer.o)
 .debug_frame   0x00000000000005d4       0x5c /home/danchouzhou/gcc-arm-none-eabi-10.3-2021.07/bin/../lib/gcc/arm-none-eabi/10.3.1/../../../../arm-none-eabi/lib/thumb/v7e-m/nofp/libc_nano.a(lib_a-fflush.o)
 .debug_frame   0x0000000000000630       0x2c /home/danchouzhou/gcc-arm-none-eabi-10.3-2021.07/bin/../lib/gcc/arm-none-eabi/10.3.1/../../../../arm-none-eabi/lib/thumb/v7e-m/nofp/libc_nano.a(lib_a-lseekr.o)
 .debug_frame   0x000000000000065c       0x58 /home/danchouzhou/gcc-arm-none-eabi-10.3-2021.07/bin/../lib/gcc/arm-none-eabi/10.3.1/../../../../arm-none-eabi/lib/thumb/v7e-m/nofp/libc_nano.a(lib_a-makebuf.o)
 .debug_frame   0x00000000000006b4       0x30 /home/danchouzhou/gcc-arm-none-eabi-10.3-2021.07/bin/../lib/gcc/arm-none-eabi/10.3.1/../../../../arm-none-eabi/lib/thumb/v7e-m/nofp/libc_nano.a(lib_a-mlock.o)
 .debug_frame   0x00000000000006e4       0x38 /home/danchouzhou/gcc-arm-none-eabi-10.3-2021.07/bin/../lib/gcc/arm-none-eabi/10.3.1/../../../../arm-none-eabi/lib/thumb/v7e-m/nofp/libc_nano.a(lib_a-nano-freer.o)
 .debug_frame   0x000000000000071c       0x2c /home/danchouzhou/gcc-arm-none-eabi-10.3-2021.07/bin/../lib/gcc/arm-none-eabi/10.3.1/../../../../arm-none-eabi/lib/thumb/v7e-m/nofp/libc_nano.a(lib_a-readr.o)
 .debug_frame   0x0000000000000748       0x2c /home/danchouzhou/gcc-arm-none-eabi-10.3-2021.07/bin/../lib/gcc/arm-none-eabi/10.3.1/../../../../arm-none-eabi/lib/thumb/v7e-m/nofp/libc_nano.a(lib_a-fstatr.o)
 .debug_frame   0x0000000000000774       0x2c /home/danchouzhou/gcc-arm-none-eabi-10.3-2021.07/bin/../lib/gcc/arm-none-eabi/10.3.1/../../../../arm-none-eabi/lib/thumb/v7e-m/nofp/libc_nano.a(lib_a-isattyr.o)
 .debug_frame   0x00000000000007a0       0x20 /home/danchouzhou/gcc-arm-none-eabi-10.3-2021.07/bin/../lib/gcc/arm-none-eabi/10.3.1/../../../../arm-none-eabi/lib/thumb/v7e-m/nofp/libnosys.a(sbrk.o)
